Component: ARM Compiler 5.06 update 6 (build 750) Tool: armlink [4d35ed]

==============================================================================

Section Cross References

    startup_stm32l476xx.o(RESET) refers to startup_stm32l476xx.o(STACK) for __initial_sp
    startup_stm32l476xx.o(RESET) refers to startup_stm32l476xx.o(.text) for Reset_Handler
    startup_stm32l476xx.o(RESET) refers to stm32l4xx_it.o(i.NMI_Handler) for NMI_Handler
    startup_stm32l476xx.o(RESET) refers to stm32l4xx_it.o(i.HardFault_Handler) for HardFault_Handler
    startup_stm32l476xx.o(RESET) refers to stm32l4xx_it.o(i.MemManage_Handler) for MemManage_Handler
    startup_stm32l476xx.o(RESET) refers to stm32l4xx_it.o(i.BusFault_Handler) for BusFault_Handler
    startup_stm32l476xx.o(RESET) refers to stm32l4xx_it.o(i.UsageFault_Handler) for UsageFault_Handler
    startup_stm32l476xx.o(RESET) refers to port.o(.emb_text) for SVC_Handler
    startup_stm32l476xx.o(RESET) refers to stm32l4xx_it.o(i.DebugMon_Handler) for DebugMon_Handler
    startup_stm32l476xx.o(RESET) refers to stm32l4xx_it.o(i.SysTick_Handler) for SysTick_Handler
    startup_stm32l476xx.o(RESET) refers to stm32l4xx_it.o(i.RCC_IRQHandler) for RCC_IRQHandler
    startup_stm32l476xx.o(RESET) refers to gpio-board.o(i.EXTI0_IRQHandler) for EXTI0_IRQHandler
    startup_stm32l476xx.o(RESET) refers to gpio-board.o(i.EXTI1_IRQHandler) for EXTI1_IRQHandler
    startup_stm32l476xx.o(RESET) refers to gpio-board.o(i.EXTI2_IRQHandler) for EXTI2_IRQHandler
    startup_stm32l476xx.o(RESET) refers to gpio-board.o(i.EXTI3_IRQHandler) for EXTI3_IRQHandler
    startup_stm32l476xx.o(RESET) refers to gpio-board.o(i.EXTI4_IRQHandler) for EXTI4_IRQHandler
    startup_stm32l476xx.o(RESET) refers to stm32l4xx_it.o(i.DMA1_Channel3_IRQHandler) for DMA1_Channel3_IRQHandler
    startup_stm32l476xx.o(RESET) refers to stm32l4xx_it.o(i.DMA1_Channel5_IRQHandler) for DMA1_Channel5_IRQHandler
    startup_stm32l476xx.o(RESET) refers to stm32l4xx_it.o(i.DMA1_Channel6_IRQHandler) for DMA1_Channel6_IRQHandler
    startup_stm32l476xx.o(RESET) refers to gpio-board.o(i.EXTI9_5_IRQHandler) for EXTI9_5_IRQHandler
    startup_stm32l476xx.o(RESET) refers to stm32l4xx_it.o(i.SPI1_IRQHandler) for SPI1_IRQHandler
    startup_stm32l476xx.o(RESET) refers to stm32l4xx_it.o(i.USART1_IRQHandler) for USART1_IRQHandler
    startup_stm32l476xx.o(RESET) refers to stm32l4xx_it.o(i.USART2_IRQHandler) for USART2_IRQHandler
    startup_stm32l476xx.o(RESET) refers to stm32l4xx_it.o(i.USART3_IRQHandler) for USART3_IRQHandler
    startup_stm32l476xx.o(RESET) refers to gpio-board.o(i.EXTI15_10_IRQHandler) for EXTI15_10_IRQHandler
    startup_stm32l476xx.o(RESET) refers to rtc-board.o(i.RTC_Alarm_IRQHandler) for RTC_Alarm_IRQHandler
    startup_stm32l476xx.o(RESET) refers to stm32l4xx_it.o(i.UART5_IRQHandler) for UART5_IRQHandler
    startup_stm32l476xx.o(RESET) refers to stm32l4xx_it.o(i.DMA2_Channel2_IRQHandler) for DMA2_Channel2_IRQHandler
    startup_stm32l476xx.o(.text) refers to system_stm32l4xx.o(i.SystemInit) for SystemInit
    startup_stm32l476xx.o(.text) refers to entry.o(.ARM.Collect$$$$00000000) for __main
    stm32l4xx_it.o(i.BusFault_Handler) refers to sysirqhandlers.o(i.HW_BusFault_Handler) for HW_BusFault_Handler
    stm32l4xx_it.o(i.DMA1_Channel3_IRQHandler) refers to stm32l4xx_hal_dma.o(i.HAL_DMA_IRQHandler) for HAL_DMA_IRQHandler
    stm32l4xx_it.o(i.DMA1_Channel3_IRQHandler) refers to uart_driver.o(.bss) for hdma_usart3_rx
    stm32l4xx_it.o(i.DMA1_Channel5_IRQHandler) refers to stm32l4xx_hal_dma.o(i.HAL_DMA_IRQHandler) for HAL_DMA_IRQHandler
    stm32l4xx_it.o(i.DMA1_Channel5_IRQHandler) refers to uart_driver.o(.bss) for hdma_usart1_rx
    stm32l4xx_it.o(i.DMA1_Channel6_IRQHandler) refers to stm32l4xx_hal_dma.o(i.HAL_DMA_IRQHandler) for HAL_DMA_IRQHandler
    stm32l4xx_it.o(i.DMA1_Channel6_IRQHandler) refers to uart_driver.o(.bss) for hdma_usart2_rx
    stm32l4xx_it.o(i.DMA2_Channel2_IRQHandler) refers to stm32l4xx_hal_dma.o(i.HAL_DMA_IRQHandler) for HAL_DMA_IRQHandler
    stm32l4xx_it.o(i.DMA2_Channel2_IRQHandler) refers to uart_driver.o(.bss) for hdma_uart5_rx
    stm32l4xx_it.o(i.DebugMon_Handler) refers to sysirqhandlers.o(i.HW_DebugMon_Handler) for HW_DebugMon_Handler
    stm32l4xx_it.o(i.HardFault_Handler) refers to sysirqhandlers.o(i.HW_HardFault_Handler) for HW_HardFault_Handler
    stm32l4xx_it.o(i.MemManage_Handler) refers to sysirqhandlers.o(i.HW_MemManage_Handler) for HW_MemManage_Handler
    stm32l4xx_it.o(i.NMI_Handler) refers to sysirqhandlers.o(i.HW_NMI_Handler) for HW_NMI_Handler
    stm32l4xx_it.o(i.SPI1_IRQHandler) refers to stm32l4xx_hal_spi.o(i.HAL_SPI_IRQHandler) for HAL_SPI_IRQHandler
    stm32l4xx_it.o(i.SPI1_IRQHandler) refers to spi_driver.o(.bss) for hspi1
    stm32l4xx_it.o(i.SysTick_Handler) refers to board.o(i.HW_SysTick_Handler) for HW_SysTick_Handler
    stm32l4xx_it.o(i.SysTick_Handler) refers to systick_driver.o(i.System1MsTick) for System1MsTick
[...]
    0x080019d0   0x080019d0   0x0000000c   Code   RO          203    i.DMA1_Channel5_IRQHandler  stm32l4xx_it.o
    0x080019dc   0x080019dc   0x0000000c   Code   RO          204    i.DMA1_Channel6_IRQHandler  stm32l4xx_it.o
    0x080019e8   0x080019e8   0x0000000c   Code   RO          205    i.DMA2_Channel2_IRQHandler  stm32l4xx_it.o
    0x080019f4   0x080019f4   0x00000004   Code   RO          206    i.DebugMon_Handler  stm32l4xx_it.o
    0x080019f8   0x080019f8   0x00000004   Code   RO         6501    i.DelayMs           delay.o
    0x080019fc   0x080019fc   0x00000004   Code   RO         5615    i.DelayMsMcu        delay-board.o
    0x08001a00   0x08001a00   0x00000090   Code   RO         6457    i.DeleteCorruptedFlashAddress  flash_interface.o
    0x08001a90   0x08001a90   0x0000007c   Code   RO         8974    i.DeriveSessionKey10x  loramaccrypto.o
    0x08001b0c   0x08001b0c   0x0000003c   Code   RO         8150    i.DetermineFrameType  loramac.o
    0x08001b48   0x08001b48   0x00000002   Code   RO         5336    i.DummyCB           soft-se.o
    0x08001b4a   0x08001b4a   0x00000002   Code   RO         8975    i.DummyCB           loramaccrypto.o
    0x08001b4c   0x08001b4c   0x0000010a   Code   RO         6307    i.EE_CleanUp        eeprom_emul.o
    0x08001c56   0x08001c56   0x00000004   Code   RO         6309    i.EE_DeleteCorruptedFlashAddress  eeprom_emul.o
    0x08001c5a   0x08001c5a   0x00000002   PAD
    0x08001c5c   0x08001c5c   0x00000118   Code   RO         6311    i.EE_Format         eeprom_emul.o
    0x08001d74   0x08001d74   0x00000980   Code   RO         6312    i.EE_Init           eeprom_emul.o
    0x080026f4   0x080026f4   0x00000006   Code   RO         5727    i.EXTI0_IRQHandler  gpio-board.o
    0x080026fa   0x080026fa   0x00000036   Code   RO         5728    i.EXTI15_10_IRQHandler  gpio-board.o
    0x08002730   0x08002730   0x00000006   Code   RO         5729    i.EXTI1_IRQHandler  gpio-board.o
    0x08002736   0x08002736   0x00000006   Code   RO         5730    i.EXTI2_IRQHandler  gpio-board.o
    0x0800273c   0x0800273c   0x00000006   Code   RO         5731    i.EXTI3_IRQHandler  gpio-board.o
    0x08002742   0x08002742   0x00000006   Code   RO         5732    i.EXTI4_IRQHandler  gpio-board.o
    0x08002748   0x08002748   0x00000028   Code   RO         5733    i.EXTI9_5_IRQHandler  gpio-board.o
    0x08002770   0x08002770   0x00000050   Code   RO         5644    i.EepromMcuInit     eeprom-board.o
    0x080027c0   0x080027c0   0x00000010   Code   RO         5645    i.EepromMcuIsErasingOnGoing  eeprom-board.o
    0x080027d0   0x080027d0   0x00000002   Code   RO         9660    i.Error_Handler     main_1.o
    0x080027d2   0x080027d2   0x00000006   Code   RO         8151    i.EventClassBNvmCtxChanged  loramac.o
    0x080027d8   0x080027d8   0x00000006   Code   RO         8152    i.EventCommandsNvmCtxChanged  loramac.o
    0x080027de   0x080027de   0x00000006   Code   RO         8153    i.EventConfirmQueueNvmCtxChanged  loramac.o
    0x080027e4   0x080027e4   0x00000006   Code   RO         8154    i.EventCryptoNvmCtxChanged  loramac.o
    0x080027ea   0x080027ea   0x00000006   Code   RO         8155    i.EventFCntHandlerNvmCtxChanged  loramac.o
    0x080027f0   0x080027f0   0x00000006   Code   RO         8156    i.EventSecureElementNvmCtxChanged  loramac.o
    0x080027f6   0x080027f6   0x00000002   PAD
    0x080027f8   0x080027f8   0x00000054   Code   RO         2910    i.FLASH_FlushCaches  stm32l4xx_hal_flash_ex.o
    0x0800284c   0x0800284c   0x00000028   Code   RO         2911    i.FLASH_MassErase   stm32l4xx_hal_flash_ex.o
    0x08002874   0x08002874   0x00000034   Code   RO         2916    i.FLASH_PageErase   stm32l4xx_hal_flash_ex.o
    0x080028a8   0x080028a8   0x00000018   Code   RO         2807    i.FLASH_Program_DoubleWord  stm32l4xx_hal_flash.o
    0x080028c0   0x080028c0   0x00000024   Code   RO         2808    i.FLASH_Program_Fast  stm32l4xx_hal_flash.o
    0x080028e4   0x080028e4   0x00000074   Code   RO         2809    i.FLASH_WaitForLastOperation  stm32l4xx_hal_flash.o
    0x08002958   0x08002958   0x0000000c   Code   RO         6552    i.FifoInit          fifo.o
    0x08002964   0x08002964   0x00000010   Code   RO         6553    i.FifoNext          fifo.o
    0x08002974   0x08002974   0x0000001c   Code   RO         6554    i.FifoPop           fifo.o
    0x08002990   0x08002990   0x00000014   Code   RO         6555    i.FifoPush          fifo.o
    0x080029a4   0x080029a4   0x000001ce   Code   RO         6319    i.FindPage          eeprom_emul.o
    0x08002b72   0x08002b72   0x00000002   PAD
    0x08002b74   0x08002b74   0x0000002c   Code   RO         9488    i.GetBandwidth      regioneu868.o
    0x08002ba0   0x08002ba0   0x0000004c   Code   RO         6458    i.GetBankNumber     flash_interface.o
    0x08002bec   0x08002bec   0x00000014   Code   RO         5451    i.GetBoardPowerSource  board.o
    0x08002c00   0x08002c00   0x00000070   Code   RO         8157    i.GetCtxs           loramac.o
    0x08002c70   0x08002c70   0x0000001c   Code   RO         8871    i.GetElement        loramacconfirmqueue.o
    0x08002c8c   0x08002c8c   0x0000002c   Code   RO         7925    i.GetFskBandwidthRegValue  sx1276.o
    0x08002cb8   0x08002cb8   0x0000002c   Code   RO         8976    i.GetKeyAddrItem    loramaccrypto.o
    0x08002ce4   0x08002ce4   0x00000038   Code   RO         5337    i.GetKeyByID        soft-se.o
    0x08002d1c   0x08002d1c   0x00000038   Code   RO         8158    i.GetMaxAppPayloadWithoutFOptsLength  loramac.o
    0x08002d54   0x08002d54   0x00000046   Code   RO         6320    i.GetPageState      eeprom_emul.o
    0x08002d9a   0x08002d9a   0x00000010   Code   RO         6614    i.GpioInit          gpio.o
    0x08002daa   0x08002daa   0x00000002   PAD
    0x08002dac   0x08002dac   0x00000108   Code   RO         5734    i.GpioMcuInit       gpio-board.o
    0x08002eb4   0x08002eb4   0x00000104   Code   RO         5738    i.GpioMcuSetInterrupt  gpio-board.o
    0x08002fb8   0x08002fb8   0x00000018   Code   RO         5740    i.GpioMcuWrite      gpio-board.o
    0x08002fd0   0x08002fd0   0x00000004   Code   RO         6618    i.GpioSetInterrupt  gpio.o
    0x08002fd4   0x08002fd4   0x00000004   Code   RO         6620    i.GpioWrite         gpio.o
    0x08002fd8   0x08002fd8   0x00000040   Code   RO         5093    i.GpsDataSet        common.o
    0x08003018   0x08003018   0x00000010   Code   RO         1841    i.HAL_DBGMCU_EnableDBGSleepMode  stm32l4xx_hal.o
    0x08003028   0x08003028   0x00000010   Code   RO         1842    i.HAL_DBGMCU_EnableDBGStandbyMode  stm32l4xx_hal.o
    0x08003038   0x08003038   0x00000010   Code   RO         1843    i.HAL_DBGMCU_EnableDBGStopMode  stm32l4xx_hal.o
    0x08003048   0x08003048   0x0000004e   Code   RO         3089    i.HAL_DMA_Abort_IT  stm32l4xx_hal_dma.o
    0x08003096   0x08003096   0x000000ba   Code   RO         3093    i.HAL_DMA_IRQHandler  stm32l4xx_hal_dma.o
    0x08003150   0x08003150   0x000000c0   Code   RO         3094    i.HAL_DMA_Init      stm32l4xx_hal_dma.o
    0x08003210   0x08003210   0x0000001c   Code   RO         1845    i.HAL_Delay         stm32l4xx_hal.o
    0x0800322c   0x0800322c   0x000000ea   Code   RO         2917    i.HAL_FLASHEx_Erase  stm32l4xx_hal_flash_ex.o
    0x08003316   0x08003316   0x00000002   PAD
    0x08003318   0x08003318   0x00000014   Code   RO         2813    i.HAL_FLASH_Lock    stm32l4xx_hal_flash.o
    0x0800332c   0x0800332c   0x000000aa   Code   RO         2818    i.HAL_FLASH_Program  stm32l4xx_hal_flash.o
    0x080033d6   0x080033d6   0x00000002   PAD
    0x080033d8   0x080033d8   0x00000028   Code   RO         2820    i.HAL_FLASH_Unlock  stm32l4xx_hal_flash.o
    0x08003400   0x08003400   0x00000152   Code   RO         3021    i.HAL_GPIO_DeInit   stm32l4xx_hal_gpio.o
    0x08003552   0x08003552   0x00000002   PAD
    0x08003554   0x08003554   0x0000002c   Code   RO         5741    i.HAL_GPIO_EXTI_Callback  gpio-board.o
    0x08003580   0x08003580   0x00000018   Code   RO         3023    i.HAL_GPIO_EXTI_IRQHandler  stm32l4xx_hal_gpio.o
    0x08003598   0x08003598   0x000001ca   Code   RO         3024    i.HAL_GPIO_Init     stm32l4xx_hal_gpio.o
    0x08003762   0x08003762   0x0000000a   Code   RO         3028    i.HAL_GPIO_WritePin  stm32l4xx_hal_gpio.o
    0x0800376c   0x0800376c   0x0000000c   Code   RO         1849    i.HAL_GetTick       stm32l4xx_hal.o
    0x08003778   0x08003778   0x0000005e   Code   RO          622    i.HAL_IWDG_Init     stm32l4xx_hal_iwdg.o
    0x080037d6   0x080037d6   0x0000000c   Code   RO          623    i.HAL_IWDG_Refresh  stm32l4xx_hal_iwdg.o
    0x080037e2   0x080037e2   0x00000002   PAD
    0x080037e4   0x080037e4   0x00000010   Code   RO         1853    i.HAL_IncTick       stm32l4xx_hal.o
    0x080037f4   0x080037f4   0x0000001e   Code   RO         1854    i.HAL_Init          stm32l4xx_hal.o
    0x08003812   0x08003812   0x00000002   PAD
    0x08003814   0x08003814   0x00000030   Code   RO         1855    i.HAL_InitTick      stm32l4xx_hal.o
    0x08003844   0x08003844   0x000000bc   Code   RO         5096    i.HAL_Make_First_System_Parameter  common.o
    0x08003900   0x08003900   0x00000048   Code   RO          352    i.HAL_MspInit       stm32l4xx_hal_msp.o
    0x08003948   0x08003948   0x00000016   Code   RO         3564    i.HAL_NVIC_DisableIRQ  stm32l4xx_hal_cortex.o
    0x0800395e   0x0800395e   0x00000016   Code   RO         3565    i.HAL_NVIC_EnableIRQ  stm32l4xx_hal_cortex.o
    0x08003974   0x08003974   0x00000020   Code   RO         3567    i.HAL_NVIC_GetPendingIRQ  stm32l4xx_hal_cortex.o
    0x08003994   0x08003994   0x00000040   Code   RO         3571    i.HAL_NVIC_SetPriority  stm32l4xx_hal_cortex.o
    0x080039d4   0x080039d4   0x00000024   Code   RO         3572    i.HAL_NVIC_SetPriorityGrouping  stm32l4xx_hal_cortex.o
    0x080039f8   0x080039f8   0x00000044   Code   RO         3320    i.HAL_PWREx_DisableLowPowerRunMode  stm32l4xx_hal_pwr_ex.o
    0x08003a3c   0x08003a3c   0x00000010   Code   RO         3333    i.HAL_PWREx_EnableLowPowerRunMode  stm32l4xx_hal_pwr_ex.o
    0x08003a4c   0x08003a4c   0x00000034   Code   RO         3343    i.HAL_PWREx_EnterSTOP0Mode  stm32l4xx_hal_pwr_ex.o
    0x08003a80   0x08003a80   0x00000038   Code   RO         3344    i.HAL_PWREx_EnterSTOP1Mode  stm32l4xx_hal_pwr_ex.o
    0x08003ab8   0x08003ab8   0x00000010   Code   RO         3346    i.HAL_PWREx_GetVoltageRange  stm32l4xx_hal_pwr_ex.o
    0x08003ac8   0x08003ac8   0x00000080   Code   RO         3200    i.HAL_PWR_ConfigPVD  stm32l4xx_hal_pwr.o
    0x08003b48   0x08003b48   0x00000010   Code   RO         3208    i.HAL_PWR_EnablePVD  stm32l4xx_hal_pwr.o
    0x08003b58   0x08003b58   0x00000048   Code   RO         3212    i.HAL_PWR_EnterSLEEPMode  stm32l4xx_hal_pwr.o
    0x08003ba0   0x08003ba0   0x00000010   Code   RO         3214    i.HAL_PWR_EnterSTOPMode  stm32l4xx_hal_pwr.o
    0x08003bb0   0x08003bb0   0x000003ae   Code   RO         2681    i.HAL_RCCEx_PeriphCLKConfig  stm32l4xx_hal_rcc_ex.o
    0x08003f5e   0x08003f5e   0x00000002   PAD
    0x08003f60   0x08003f60   0x00000118   Code   RO         2566    i.HAL_RCC_ClockConfig  stm32l4xx_hal_rcc.o
    0x08004078   0x08004078   0x00000040   Code   RO         2569    i.HAL_RCC_GetClockConfig  stm32l4xx_hal_rcc.o
    0x080040b8   0x080040b8   0x0000000c   Code   RO         2570    i.HAL_RCC_GetHCLKFreq  stm32l4xx_hal_rcc.o
    0x080040c4   0x080040c4   0x000000e0   Code   RO         2571    i.HAL_RCC_GetOscConfig  stm32l4xx_hal_rcc.o
    0x080041a4   0x080041a4   0x00000024   Code   RO         2572    i.HAL_RCC_GetPCLK1Freq  stm32l4xx_hal_rcc.o
    0x080041c8   0x080041c8   0x00000024   Code   RO         2573    i.HAL_RCC_GetPCLK2Freq  stm32l4xx_hal_rcc.o
    0x080041ec   0x080041ec   0x000000a4   Code   RO         2574    i.HAL_RCC_GetSysClockFreq  stm32l4xx_hal_rcc.o
    0x08004290   0x08004290   0x00000464   Code   RO         2577    i.HAL_RCC_OscConfig  stm32l4xx_hal_rcc.o
    0x080046f4   0x080046f4   0x0000000a   Code   RO          790    i.HAL_RTCEx_BKUPRead  stm32l4xx_hal_rtc_ex.o
    0x080046fe   0x080046fe   0x00000010   Code   RO          791    i.HAL_RTCEx_BKUPWrite  stm32l4xx_hal_rtc_ex.o
    0x0800470e   0x0800470e   0x00000042   Code   RO          799    i.HAL_RTCEx_EnableBypassShadow  stm32l4xx_hal_rtc_ex.o
    0x08004750   0x08004750   0x000000ba   Code   RO          655    i.HAL_RTC_DeactivateAlarm  stm32l4xx_hal_rtc.o
    0x0800480a   0x0800480a   0x0000007e   Code   RO          656    i.HAL_RTC_GetAlarm  stm32l4xx_hal_rtc.o
    0x08004888   0x08004888   0x00000044   Code   RO          657    i.HAL_RTC_GetDate   stm32l4xx_hal_rtc.o
    0x080048cc   0x080048cc   0x00000054   Code   RO          659    i.HAL_RTC_GetTime   stm32l4xx_hal_rtc.o
    0x08004920   0x08004920   0x000000c0   Code   RO          660    i.HAL_RTC_Init      stm32l4xx_hal_rtc.o
    0x080049e0   0x080049e0   0x00000020   Code   RO          354    i.HAL_RTC_MspInit   stm32l4xx_hal_msp.o
    0x08004a00   0x08004a00   0x000001aa   Code   RO          665    i.HAL_RTC_SetAlarm_IT  stm32l4xx_hal_rtc.o
    0x08004baa   0x08004baa   0x00000002   PAD
    0x08004bac   0x08004bac   0x000000d0   Code   RO          666    i.HAL_RTC_SetDate   stm32l4xx_hal_rtc.o
    0x08004c7c   0x08004c7c   0x00000100   Code   RO          667    i.HAL_RTC_SetTime   stm32l4xx_hal_rtc.o
    0x08004d7c   0x08004d7c   0x00000036   Code   RO          668    i.HAL_RTC_WaitForSynchro  stm32l4xx_hal_rtc.o
    0x08004db2   0x08004db2   0x0000002e   Code   RO         1035    i.HAL_SPI_DeInit    stm32l4xx_hal_spi.o
    0x08004de0   0x08004de0   0x00000002   Code   RO         1036    i.HAL_SPI_ErrorCallback  stm32l4xx_hal_spi.o
    0x08004de2   0x08004de2   0x00000006   Code   RO         1038    i.HAL_SPI_GetState  stm32l4xx_hal_spi.o
    0x08004de8   0x08004de8   0x000000fc   Code   RO         1039    i.HAL_SPI_IRQHandler  stm32l4xx_hal_spi.o
    0x08004ee4   0x08004ee4   0x000000ac   Code   RO         1040    i.HAL_SPI_Init      stm32l4xx_hal_spi.o
    0x08004f90   0x08004f90   0x00000034   Code   RO          355    i.HAL_SPI_MspDeInit  stm32l4xx_hal_msp.o
    0x08004fc4   0x08004fc4   0x00000074   Code   RO          356    i.HAL_SPI_MspInit   stm32l4xx_hal_msp.o
    0x08005038   0x08005038   0x00000268   Code   RO         1049    i.HAL_SPI_TransmitReceive  stm32l4xx_hal_spi.o
    0x080052a0   0x080052a0   0x00000018   Code   RO         3574    i.HAL_SYSTICK_CLKSourceConfig  stm32l4xx_hal_cortex.o
    0x080052b8   0x080052b8   0x00000002   Code   RO         3575    i.HAL_SYSTICK_Callback  stm32l4xx_hal_cortex.o
    0x080052ba   0x080052ba   0x00000028   Code   RO         3576    i.HAL_SYSTICK_Config  stm32l4xx_hal_cortex.o
    0x080052e2   0x080052e2   0x00000008   Code   RO         3577    i.HAL_SYSTICK_IRQHandler  stm32l4xx_hal_cortex.o
    0x080052ea   0x080052ea   0x00000002   Code   RO         1779    i.HAL_UARTEx_WakeupCallback  stm32l4xx_hal_uart_ex.o
    0x080052ec   0x080052ec   0x00000002   Code   RO         1438    i.HAL_UART_ErrorCallback  stm32l4xx_hal_uart.o
    0x080052ee   0x080052ee   0x00000002   PAD
    0x080052f0   0x080052f0   0x00000144   Code   RO         1441    i.HAL_UART_IRQHandler  stm32l4xx_hal_uart.o
    0x08005434   0x08005434   0x0000006a   Code   RO         1442    i.HAL_UART_Init     stm32l4xx_hal_uart.o
    0x0800549e   0x0800549e   0x00000002   PAD
    0x080054a0   0x080054a0   0x000002b4   Code   RO          358    i.HAL_UART_MspInit  stm32l4xx_hal_msp.o
    0x08005754   0x08005754   0x000000ac   Code   RO         1447    i.HAL_UART_Receive_IT  stm32l4xx_hal_uart.o
    0x08005800   0x08005800   0x00000090   Code   RO         7174    i.HAL_UART_RxCpltCallback  serial_pipe_hal.o
    0x08005890   0x08005890   0x000000b0   Code   RO         1450    i.HAL_UART_Transmit  stm32l4xx_hal_uart.o
    0x08005940   0x08005940   0x00000002   Code   RO         1453    i.HAL_UART_TxCpltCallback  stm32l4xx_hal_uart.o
    0x08005942   0x08005942   0x00000002   Code   RO         6236    i.HW_BusFault_Handler  sysirqhandlers.o
    0x08005944   0x08005944   0x00000002   Code   RO         6237    i.HW_DebugMon_Handler  sysirqhandlers.o
    0x08005946   0x08005946   0x00000002   PAD
    0x08005948   0x08005948   0x000000ec   Code   RO         6239    i.HW_HardFault_Handler  sysirqhandlers.o
    0x08005a34   0x08005a34   0x00000002   Code   RO         6240    i.HW_MemManage_Handler  sysirqhandlers.o
    0x08005a36   0x08005a36   0x00000002   PAD
    0x08005a38   0x08005a38   0x00000060   Code   RO         6241    i.HW_NMI_Handler    sysirqhandlers.o
    0x08005a98   0x08005a98   0x00000004   Code   RO         4973    i.HW_SPI1_Init      spi_driver.o
    0x08005a9c   0x08005a9c   0x00000028   Code   RO         4974    i.HW_SPI1_SendByte  spi_driver.o
    0x08005ac4   0x08005ac4   0x0000000e   Code   RO         5452    i.HW_SysTick_Handler  board.o
    0x08005ad2   0x08005ad2   0x00000002   PAD
    0x08005ad4   0x08005ad4   0x00000034   Code   RO         4829    i.HW_UART1_Init     uart_driver.o
    0x08005b08   0x08005b08   0x00000014   Code   RO         4830    i.HW_UART1_Send     uart_driver.o
    0x08005b1c   0x08005b1c   0x00000034   Code   RO         4835    i.HW_UART3_Init     uart_driver.o
    0x08005b50   0x08005b50   0x00000034   Code   RO         4838    i.HW_UART5_Init     uart_driver.o
    0x08005b84   0x08005b84   0x00000002   Code   RO         6243    i.HW_UsageFault_Handler  sysirqhandlers.o
    0x08005b86   0x08005b86   0x00000002   PAD
    0x08005b88   0x08005b88   0x000000c4   Code   RO         8159    i.HandleRadioRxErrorTimeout  loramac.o
    0x08005c4c   0x08005c4c   0x00000006   Code   RO          207    i.HardFault_Handler  stm32l4xx_it.o
    0x08005c52   0x08005c52   0x00000002   PAD
    0x08005c54   0x08005c54   0x00000018   Code   RO         8872    i.IncreaseBufferPointer  loramacconfirmqueue.o
    0x08005c6c   0x08005c6c   0x00000018   Code   RO         6558    i.IsFifoFull        fifo.o
    0x08005c84   0x08005c84   0x00000008   Code   RO         9489    i.LimitTxPower      regioneu868.o
    0x08005c8c   0x08005c8c   0x00000012   Code   RO         8529    i.LoRaMacAdrCalcNext  loramacadr.o
    0x08005c9e   0x08005c9e   0x00000004   Code   RO         8554    i.LoRaMacClassBBeaconFreqReq  loramacclassb.o
    0x08005ca2   0x08005ca2   0x00000002   Code   RO         8555    i.LoRaMacClassBBeaconTimerEvent  loramacclassb.o
    0x08005ca4   0x08005ca4   0x00000002   Code   RO         8556    i.LoRaMacClassBBeaconTimingAns  loramacclassb.o
    0x08005ca6   0x08005ca6   0x00000002   Code   RO         8557    i.LoRaMacClassBDeviceTimeAns  loramacclassb.o
    0x08005ca8   0x08005ca8   0x00000008   Code   RO         8558    i.LoRaMacClassBGetNvmCtx  loramacclassb.o
    0x08005cb0   0x08005cb0   0x00000002   Code   RO         8559    i.LoRaMacClassBHaltBeaconing  loramacclassb.o
    0x08005cb2   0x08005cb2   0x00000002   Code   RO         8560    i.LoRaMacClassBInit  loramacclassb.o
    0x08005cb4   0x08005cb4   0x00000004   Code   RO         8561    i.LoRaMacClassBIsAcquisitionInProgress  loramacclassb.o
    0x08005cb8   0x08005cb8   0x00000004   Code   RO         8563    i.LoRaMacClassBIsBeaconExpected  loramacclassb.o
    0x08005cbc   0x08005cbc   0x00000004   Code   RO         8564    i.LoRaMacClassBIsBeaconModeActive  loramacclassb.o
    0x08005cc0   0x08005cc0   0x00000004   Code   RO         8565    i.LoRaMacClassBIsMulticastExpected  loramacclassb.o
    0x08005cc4   0x08005cc4   0x00000004   Code   RO         8566    i.LoRaMacClassBIsPingExpected  loramacclassb.o
    0x08005cc8   0x08005cc8   0x00000004   Code   RO         8567    i.LoRaMacClassBIsUplinkCollision  loramacclassb.o
    0x08005ccc   0x08005ccc   0x00000004   Code   RO         8568    i.LoRaMacClassBMibGetRequestConfirm  loramacclassb.o
    0x08005cd0   0x08005cd0   0x00000002   Code   RO         8569    i.LoRaMacClassBMulticastSlotTimerEvent  loramacclassb.o
    0x08005cd2   0x08005cd2   0x00000004   Code   RO         8570    i.LoRaMacClassBPingSlotChannelReq  loramacclassb.o
    0x08005cd6   0x08005cd6   0x00000002   Code   RO         8571    i.LoRaMacClassBPingSlotInfoAns  loramacclassb.o
    0x08005cd8   0x08005cd8   0x00000002   Code   RO         8572    i.LoRaMacClassBPingSlotTimerEvent  loramacclassb.o
    0x08005cda   0x08005cda   0x00000002   Code   RO         8573    i.LoRaMacClassBProcess  loramacclassb.o
    0x08005cdc   0x08005cdc   0x00000004   Code   RO         8574    i.LoRaMacClassBRestoreNvmCtx  loramacclassb.o
    0x08005ce0   0x08005ce0   0x00000002   Code   RO         8575    i.LoRaMacClassBResumeBeaconing  loramacclassb.o
    0x08005ce2   0x08005ce2   0x00000004   Code   RO         8576    i.LoRaMacClassBRxBeacon  loramacclassb.o
    0x08005ce6   0x08005ce6   0x00000002   Code   RO         8577    i.LoRaMacClassBSetBeaconState  loramacclassb.o
    0x08005ce8   0x08005ce8   0x00000002   Code   RO         8579    i.LoRaMacClassBSetMulticastSlotState  loramacclassb.o
    0x08005cea   0x08005cea   0x00000002   Code   RO         8580    i.LoRaMacClassBSetPingSlotInfo  loramacclassb.o
    0x08005cec   0x08005cec   0x00000002   Code   RO         8581    i.LoRaMacClassBSetPingSlotState  loramacclassb.o
    0x08005cee   0x08005cee   0x00000002   Code   RO         8583    i.LoRaMacClassBStopRxSlots  loramacclassb.o
    0x08005cf0   0x08005cf0   0x00000004   Code   RO         8584    i.LoRaMacClassBSwitchClass  loramacclassb.o
    0x08005cf4   0x08005cf4   0x0000007c   Code   RO         8770    i.LoRaMacCommandsAddCmd  loramaccommands.o
    0x08005d70   0x08005d70   0x0000000c   Code   RO         8772    i.LoRaMacCommandsGetNvmCtx  loramaccommands.o
    0x08005d7c   0x08005d7c   0x00000018   Code   RO         8773    i.LoRaMacCommandsGetSizeSerializedCmds  loramaccommands.o
    0x08005d94   0x08005d94   0x00000028   Code   RO         8774    i.LoRaMacCommandsInit  loramaccommands.o
    0x08005dbc   0x08005dbc   0x00000070   Code   RO         8775    i.LoRaMacCommandsRemoveCmd  loramaccommands.o
    0x08005e2c   0x08005e2c   0x00000028   Code   RO         8776    i.LoRaMacCommandsRemoveNoneStickyCmds  loramaccommands.o
    0x08005e54   0x08005e54   0x00000040   Code   RO         8777    i.LoRaMacCommandsRemoveStickyAnsCmds  loramaccommands.o
    0x08005e94   0x08005e94   0x0000001c   Code   RO         8778    i.LoRaMacCommandsRestoreNvmCtx  loramaccommands.o
    0x08005eb0   0x08005eb0   0x0000004c   Code   RO         8779    i.LoRaMacCommandsSerializeCmds  loramaccommands.o
    0x08005efc   0x08005efc   0x0000002c   Code   RO         8780    i.LoRaMacCommandsStickyCmdsPending  loramaccommands.o
    0x08005f28   0x08005f28   0x00000038   Code   RO         8873    i.LoRaMacConfirmQueueAdd  loramacconfirmqueue.o
    0x08005f60   0x08005f60   0x0000000c   Code   RO         8874    i.LoRaMacConfirmQueueGetCnt  loramacconfirmqueue.o
    0x08005f6c   0x08005f6c   0x0000000c   Code   RO         8875    i.LoRaMacConfirmQueueGetNvmCtx  loramacconfirmqueue.o
    0x08005f78   0x08005f78   0x00000020   Code   RO         8876    i.LoRaMacConfirmQueueGetStatus  loramacconfirmqueue.o
    0x08005f98   0x08005f98   0x0000000c   Code   RO         8877    i.LoRaMacConfirmQueueGetStatusCmn  loramacconfirmqueue.o
    0x08005fa4   0x08005fa4   0x00000054   Code   RO         8878    i.LoRaMacConfirmQueueHandleCb  loramacconfirmqueue.o
    0x08005ff8   0x08005ff8   0x0000002c   Code   RO         8879    i.LoRaMacConfirmQueueInit  loramacconfirmqueue.o
    0x08006024   0x08006024   0x00000018   Code   RO         8880    i.LoRaMacConfirmQueueIsCmdActive  loramacconfirmqueue.o
    0x0800603c   0x0800603c   0x00000018   Code   RO         8881    i.LoRaMacConfirmQueueIsFull  loramacconfirmqueue.o
    0x08006054   0x08006054   0x00000024   Code   RO         8882    i.LoRaMacConfirmQueueRemoveFirst  loramacconfirmqueue.o
    0x08006078   0x08006078   0x00000018   Code   RO         8884    i.LoRaMacConfirmQueueRestoreNvmCtx  loramacconfirmqueue.o
    0x08006090   0x08006090   0x0000002c   Code   RO         8885    i.LoRaMacConfirmQueueSetStatus  loramacconfirmqueue.o
    0x080060bc   0x080060bc   0x0000002c   Code   RO         8886    i.LoRaMacConfirmQueueSetStatusCmn  loramacconfirmqueue.o
    0x080060e8   0x080060e8   0x00000034   Code   RO         8977    i.LoRaMacCryptoDeriveMcKEKey  loramaccrypto.o
    0x0800611c   0x0800611c   0x00000050   Code   RO         8978    i.LoRaMacCryptoDeriveMcRootKey  loramaccrypto.o
    0x0800616c   0x0800616c   0x0000000c   Code   RO         8980    i.LoRaMacCryptoGetNvmCtx  loramaccrypto.o
    0x08006178   0x08006178   0x00000182   Code   RO         8981    i.LoRaMacCryptoHandleJoinAccept  loramaccrypto.o
    0x080062fa   0x080062fa   0x00000002   PAD
    0x080062fc   0x080062fc   0x0000004c   Code   RO         8982    i.LoRaMacCryptoInit  loramaccrypto.o
    0x08006348   0x08006348   0x0000005c   Code   RO         8983    i.LoRaMacCryptoPrepareJoinRequest  loramaccrypto.o
    0x080063a4   0x080063a4   0x0000001c   Code   RO         8986    i.LoRaMacCryptoRestoreNvmCtx  loramaccrypto.o
    0x080063c0   0x080063c0   0x000000b8   Code   RO         8987    i.LoRaMacCryptoSecureMessage  loramaccrypto.o
    0x08006478   0x08006478   0x00000028   Code   RO         8988    i.LoRaMacCryptoSetKey  loramaccrypto.o
    0x080064a0   0x080064a0   0x00000010   Code   RO         8989    i.LoRaMacCryptoSetLrWanVersion  loramaccrypto.o
    0x080064b0   0x080064b0   0x000000ac   Code   RO         8990    i.LoRaMacCryptoUnsecureMessage  loramaccrypto.o
    0x0800655c   0x0800655c   0x0000000c   Code   RO         9114    i.LoRaMacFCntHandlerGetNvmCtx  loramacfcnthandler.o
    0x08006568   0x08006568   0x00000014   Code   RO         9115    i.LoRaMacFCntHandlerInit  loramacfcnthandler.o
    0x0800657c   0x0800657c   0x0000001c   Code   RO         9116    i.LoRaMacFCntHandlerRestoreNvmCtx  loramacfcnthandler.o
    0x08006598   0x08006598   0x00000020   Code   RO         9117    i.LoRaMacFCntHandlerSetMulticastReference  loramacfcnthandler.o
    0x080065b8   0x080065b8   0x000000b0   Code   RO         9118    i.LoRaMacGetFCntDown  loramacfcnthandler.o
    0x08006668   0x08006668   0x00000018   Code   RO         9119    i.LoRaMacGetFCntUp  loramacfcnthandler.o
    0x08006680   0x08006680   0x00000074   Code   RO         8162    i.LoRaMacHandleIndicationEvents  loramac.o
    0x080066f4   0x080066f4   0x00000084   Code   RO         8163    i.LoRaMacHandleIrqEvents  loramac.o
    0x08006778   0x08006778   0x000000e8   Code   RO         8164    i.LoRaMacHandleMcpsRequest  loramac.o
    0x08006860   0x08006860   0x00000078   Code   RO         8165    i.LoRaMacHandleRequestEvents  loramac.o
    0x080068d8   0x080068d8   0x000003f8   Code   RO         8166    i.LoRaMacInitialization  loramac.o
    0x08006cd0   0x08006cd0   0x0000001c   Code   RO         8167    i.LoRaMacIsBusy     loramac.o
    0x08006cec   0x08006cec   0x00000142   Code   RO         8172    i.LoRaMacMcpsRequest  loramac.o
    0x08006e2e   0x08006e2e   0x00000004   Code   RO         8585    i.LoRaMacMibClassBSetRequestConfirm  loramacclassb.o
    0x08006e32   0x08006e32   0x00000002   PAD
    0x08006e34   0x08006e34   0x0000011c   Code   RO         8173    i.LoRaMacMibGetRequestConfirm  loramac.o
    0x08006f50   0x08006f50   0x000003f4   Code   RO         8174    i.LoRaMacMibSetRequestConfirm  loramac.o
    0x08007344   0x08007344   0x0000017c   Code   RO         8175    i.LoRaMacMlmeRequest  loramac.o
    0x080074c0   0x080074c0   0x000000be   Code   RO         9182    i.LoRaMacParserData  loramacparser.o
    0x0800757e   0x0800757e   0x0000009a   Code   RO         9183    i.LoRaMacParserJoinAccept  loramacparser.o
    0x08007618   0x08007618   0x000000e8   Code   RO         8176    i.LoRaMacProcess    loramac.o
    0x08007700   0x08007700   0x000000c0   Code   RO         8177    i.LoRaMacQueryTxPossible  loramac.o
    0x080077c0   0x080077c0   0x00000024   Code   RO         9120    i.LoRaMacResetFCnts  loramacfcnthandler.o
    0x080077e4   0x080077e4   0x000000ce   Code   RO         9200    i.LoRaMacSerializerData  loramacserializer.o
    0x080078b2   0x080078b2   0x0000006a   Code   RO         9201    i.LoRaMacSerializerJoinRequest  loramacserializer.o
    0x0800791c   0x0800791c   0x00000044   Code   RO         9121    i.LoRaMacSetFCntDown  loramacfcnthandler.o
    0x08007960   0x08007960   0x00000014   Code   RO         9122    i.LoRaMacSetFCntUp  loramacfcnthandler.o
    0x08007974   0x08007974   0x00000010   Code   RO         8178    i.LoRaMacStart      loramac.o
    0x08007984   0x08007984   0x0000002c   Code   RO         8180    i.LoRaMacTestSetDutyCycleOn  loramac.o
    0x080079b0   0x080079b0   0x00000030   Code   RO         5840    i.LpmEnterLowPower  lpm-board.o
    0x080079e0   0x080079e0   0x00000002   Code   RO         5841    i.LpmEnterOffMode   lpm-board.o
    0x080079e2   0x080079e2   0x00000008   Code   RO         5453    i.LpmEnterSleepMode  board.o
    0x080079ea   0x080079ea   0x0000001c   Code   RO         5454    i.LpmEnterStopMode  board.o
    0x08007a06   0x08007a06   0x00000002   Code   RO         5844    i.LpmExitOffMode    lpm-board.o
    0x08007a08   0x08007a08   0x00000002   Code   RO         5845    i.LpmExitSleepMode  lpm-board.o
    0x08007a0a   0x08007a0a   0x00000012   Code   RO         5455    i.LpmExitStopMode   board.o
    0x08007a1c   0x08007a1c   0x0000002c   Code   RO         5847    i.LpmGetMode        lpm-board.o
    0x08007a48   0x08007a48   0x0000002c   Code   RO         5848    i.LpmSetOffMode     lpm-board.o
    0x08007a74   0x08007a74   0x0000002c   Code   RO         5849    i.LpmSetStopMode    lpm-board.o
    0x08007aa0   0x08007aa0   0x00000050   Code   RO         4975    i.MX_SPI1_Init      spi_driver.o
    0x08007af0   0x08007af0   0x0000003c   Code   RO         4840    i.MX_UART5_Init     uart_driver.o
    0x08007b2c   0x08007b2c   0x0000003c   Code   RO         4841    i.MX_USART1_UART_Init  uart_driver.o
    0x08007b68   0x08007b68   0x0000003c   Code   RO         4843    i.MX_USART3_UART_Init  uart_driver.o
    0x08007ba4   0x08007ba4   0x00000006   Code   RO          208    i.MemManage_Handler  stm32l4xx_it.o
    0x08007baa   0x08007baa   0x00000004   Code   RO          209    i.NMI_Handler       stm32l4xx_it.o
    0x08007bae   0x08007bae   0x00000020   Code   RO         3578    i.NVIC_SetPriority  stm32l4xx_hal_cortex.o
    0x08007bce   0x08007bce   0x00000002   PAD
    0x08007bd0   0x08007bd0   0x00000010   Code   RO         8781    i.NvmCtxCallback    loramaccommands.o
    0x08007be0   0x08007be0   0x00000010   Code   RO         9123    i.NvmCtxChanged     loramacfcnthandler.o
    0x08007bf0   0x08007bf0   0x00000004   Code   RO         9711    i.NvmCtxMgmtRestore  nvmctxmgmt.o
    0x08007bf4   0x08007bf4   0x00000004   Code   RO         9712    i.NvmCtxMgmtStore   nvmctxmgmt.o
    0x08007bf8   0x08007bf8   0x0000004c   Code   RO         8181    i.OnAckTimeoutTimerEvent  loramac.o
    0x08007c44   0x08007c44   0x00000014   Code   RO         5456    i.OnCalibrateSystemWakeupTimeTimerEvent  board.o
    0x08007c58   0x08007c58   0x00000050   Code   RO         8182    i.OnRadioRxDone     loramac.o
    0x08007ca8   0x08007ca8   0x00000028   Code   RO         8183    i.OnRadioRxError    loramac.o
    0x08007cd0   0x08007cd0   0x00000028   Code   RO         8184    i.OnRadioRxTimeout  loramac.o
    0x08007cf8   0x08007cf8   0x0000004c   Code   RO         8185    i.OnRadioTxDone     loramac.o
    0x08007d44   0x08007d44   0x00000028   Code   RO         8186    i.OnRadioTxTimeout  loramac.o
    0x08007d6c   0x08007d6c   0x00000040   Code   RO         8187    i.OnRxWindow1TimerEvent  loramac.o
    0x08007dac   0x08007dac   0x0000004c   Code   RO         8188    i.OnRxWindow2TimerEvent  loramac.o
    0x08007df8   0x08007df8   0x00000054   Code   RO         8189    i.OnTxDelayedTimerEvent  loramac.o
    0x08007e4c   0x08007e4c   0x00000040   Code   RO         8190    i.OpenContinuousRxCWindow  loramac.o
    0x08007e8c   0x08007e8c   0x00000074   Code   RO         6459    i.PageErase         flash_interface.o
    0x08007f00   0x08007f00   0x000003be   Code   RO         6321    i.PagesTransfer     eeprom_emul.o
    0x080082be   0x080082be   0x000000b4   Code   RO         8991    i.PayloadEncrypt    loramaccrypto.o
    0x08008372   0x08008372   0x00000002   PAD
    0x08008374   0x08008374   0x00000060   Code   RO         8992    i.PrepareB0         loramaccrypto.o
    0x080083d4   0x080083d4   0x00000162   Code   RO         8191    i.PrepareFrame      loramac.o
    0x08008536   0x08008536   0x00000002   PAD
    0x08008538   0x08008538   0x00000038   Code   RO         8192    i.PrepareRxDoneAbort  loramac.o
    0x08008570   0x08008570   0x00000512   Code   RO         8193    i.ProcessMacCommands  loramac.o
    0x08008a82   0x08008a82   0x00000002   PAD
    0x08008a84   0x08008a84   0x0000054a   Code   RO         8194    i.ProcessRadioRxDone  loramac.o
    0x08008fce   0x08008fce   0x00000002   PAD
    0x08008fd0   0x08008fd0   0x000000e0   Code   RO         8195    i.ProcessRadioTxDone  loramac.o
    0x080090b0   0x080090b0   0x0000012c   Code   RO         2685    i.RCCEx_PLLSAI1_Config  stm32l4xx_hal_rcc_ex.o
    0x080091dc   0x080091dc   0x00000108   Code   RO         2686    i.RCCEx_PLLSAI2_Config  stm32l4xx_hal_rcc_ex.o
    0x080092e4   0x080092e4   0x00000002   Code   RO          210    i.RCC_IRQHandler    stm32l4xx_it.o
    0x080092e6   0x080092e6   0x00000002   PAD
    0x080092e8   0x080092e8   0x0000007c   Code   RO         2578    i.RCC_SetFlashLatencyFromMSIRange  stm32l4xx_hal_rcc.o
    0x08009364   0x08009364   0x00000040   Code   RO         5921    i.RTC_Alarm_IRQHandler  rtc-board.o
    0x080093a4   0x080093a4   0x00000012   Code   RO          669    i.RTC_Bcd2ToByte    stm32l4xx_hal_rtc.o
    0x080093b6   0x080093b6   0x00000018   Code   RO          670    i.RTC_ByteToBcd2    stm32l4xx_hal_rtc.o
    0x080093ce   0x080093ce   0x00000002   PAD
    0x080093d0   0x080093d0   0x0000003a   Code   RO          671    i.RTC_EnterInitMode  stm32l4xx_hal_rtc.o
    0x0800940a   0x0800940a   0x00000004   Code   RO         7715    i.RadioCheckRfFrequency  radio.o
    0x0800940e   0x0800940e   0x00000004   Code   RO         7716    i.RadioGetStatus    radio.o
    0x08009412   0x08009412   0x0000000a   Code   RO         7717    i.RadioGetWakeupTime  radio.o
    0x0800941c   0x0800941c   0x00000004   Code   RO         7718    i.RadioInit         radio.o
    0x08009420   0x08009420   0x00000004   Code   RO         7719    i.RadioIsChannelFree  radio.o
    0x08009424   0x08009424   0x00000004   Code   RO         7723    i.RadioRandom       radio.o
    0x08009428   0x08009428   0x00000004   Code   RO         7724    i.RadioRead         radio.o
    0x0800942c   0x0800942c   0x00000004   Code   RO         7725    i.RadioReadBuffer   radio.o
    0x08009430   0x08009430   0x00000004   Code   RO         7727    i.RadioRssi         radio.o
    0x08009434   0x08009434   0x00000004   Code   RO         7728    i.RadioRx           radio.o
    0x08009438   0x08009438   0x00000004   Code   RO         7729    i.RadioSend         radio.o
    0x0800943c   0x0800943c   0x00000004   Code   RO         7730    i.RadioSetChannel   radio.o
    0x08009440   0x08009440   0x00000004   Code   RO         7731    i.RadioSetMaxPayloadLength  radio.o
    0x08009444   0x08009444   0x00000004   Code   RO         7732    i.RadioSetModem     radio.o
    0x08009448   0x08009448   0x00000004   Code   RO         7733    i.RadioSetPublicNetwork  radio.o
    0x0800944c   0x0800944c   0x00000046   Code   RO         7734    i.RadioSetRxConfig  radio.o
    0x08009492   0x08009492   0x0000003a   Code   RO         7735    i.RadioSetTxConfig  radio.o
    0x080094cc   0x080094cc   0x00000004   Code   RO         7736    i.RadioSetTxContinuousWave  radio.o
    0x080094d0   0x080094d0   0x00000004   Code   RO         7737    i.RadioSleep        radio.o
    0x080094d4   0x080094d4   0x00000004   Code   RO         7738    i.RadioStandby      radio.o
    0x080094d8   0x080094d8   0x00000004   Code   RO         7739    i.RadioStartCad     radio.o
    0x080094dc   0x080094dc   0x00000004   Code   RO         7740    i.RadioTimeOnAir    radio.o
    0x080094e0   0x080094e0   0x00000004   Code   RO         7742    i.RadioWrite        radio.o
    0x080094e4   0x080094e4   0x00000004   Code   RO         7743    i.RadioWriteBuffer  radio.o
    0x080094e8   0x080094e8   0x00000146   Code   RO         6322    i.ReadVariable      eeprom_emul.o
    0x0800962e   0x0800962e   0x00000012   Code   RO         9230    i.RegionAlternateDr  region.o
    0x08009640   0x08009640   0x0000000c   Code   RO         9231    i.RegionApplyCFList  region.o
    0x0800964c   0x0800964c   0x0000001c   Code   RO         9232    i.RegionApplyDrOffset  region.o
    0x08009668   0x08009668   0x0000000c   Code   RO         9233    i.RegionCalcBackOff  region.o
    0x08009674   0x08009674   0x0000000e   Code   RO         9234    i.RegionChanMaskSet  region.o
    0x08009682   0x08009682   0x00000062   Code   RO         9383    i.RegionCommonCalcBackOff  regioncommon.o
    0x080096e4   0x080096e4   0x00000028   Code   RO         9384    i.RegionCommonChanDisable  regioncommon.o
    0x0800970c   0x0800970c   0x00000022   Code   RO         9385    i.RegionCommonChanMaskCopy  regioncommon.o
    0x0800972e   0x0800972e   0x00000068   Code   RO         9386    i.RegionCommonChanVerifyDr  regioncommon.o
    0x08009796   0x08009796   0x00000002   PAD
    0x08009798   0x08009798   0x0000011e   Code   RO         9387    i.RegionCommonComputeRxWindowParameters  regioncommon.o
    0x080098b6   0x080098b6   0x00000002   PAD
    0x080098b8   0x080098b8   0x00000028   Code   RO         9388    i.RegionCommonComputeSymbolTimeFsk  regioncommon.o
    0x080098e0   0x080098e0   0x00000040   Code   RO         9389    i.RegionCommonComputeSymbolTimeLoRa  regioncommon.o
    0x08009920   0x08009920   0x00000030   Code   RO         9390    i.RegionCommonComputeTxPower  regioncommon.o
    0x08009950   0x08009950   0x00000044   Code   RO         9391    i.RegionCommonCountChannels  regioncommon.o
    0x08009994   0x08009994   0x0000001e   Code   RO         9392    i.RegionCommonGetJoinDc  regioncommon.o
    0x080099b2   0x080099b2   0x0000008a   Code   RO         9393    i.RegionCommonLinkAdrReqVerifyParams  regioncommon.o
    0x08009a3c   0x08009a3c   0x00000036   Code   RO         9394    i.RegionCommonParseLinkAdrReq  regioncommon.o
    0x08009a72   0x08009a72   0x0000000a   Code   RO         9396    i.RegionCommonSetBandTxDone  regioncommon.o
    0x08009a7c   0x08009a7c   0x0000009a   Code   RO         9397    i.RegionCommonUpdateBandTimeOff  regioncommon.o
    0x08009b16   0x08009b16   0x00000010   Code   RO         9398    i.RegionCommonValueInRange  regioncommon.o
    0x08009b26   0x08009b26   0x0000001e   Code   RO         9237    i.RegionComputeRxWindowParameters  region.o
    0x08009b44   0x08009b44   0x0000000e   Code   RO         9238    i.RegionDlChannelReq  region.o
    0x08009b52   0x08009b52   0x00000002   Code   RO         9490    i.RegionEU868AlternateDr  regioneu868.o
    0x08009b54   0x08009b54   0x0000007e   Code   RO         9491    i.RegionEU868ApplyCFList  regioneu868.o
    0x08009bd2   0x08009bd2   0x0000000e   Code   RO         9492    i.RegionEU868ApplyDrOffset  regioneu868.o
    0x08009be0   0x08009be0   0x00000040   Code   RO         9493    i.RegionEU868CalcBackOff  regioneu868.o
    0x08009c20   0x08009c20   0x0000002c   Code   RO         9494    i.RegionEU868ChanMaskSet  regioneu868.o
    0x08009c4c   0x08009c4c   0x000000a8   Code   RO         9495    i.RegionEU868ChannelAdd  regioneu868.o
    0x08009cf4   0x08009cf4   0x0000002c   Code   RO         9496    i.RegionEU868ChannelsRemove  regioneu868.o
    0x08009d20   0x08009d20   0x00000074   Code   RO         9497    i.RegionEU868ComputeRxWindowParameters  regioneu868.o
    0x08009d94   0x08009d94   0x00000040   Code   RO         9498    i.RegionEU868DlChannelReq  regioneu868.o
    0x08009dd4   0x08009dd4   0x00000010   Code   RO         9499    i.RegionEU868GetNvmCtx  regioneu868.o
    0x08009de4   0x08009de4   0x00000108   Code   RO         9500    i.RegionEU868GetPhyParam  regioneu868.o
    0x08009eec   0x08009eec   0x00000094   Code   RO         9501    i.RegionEU868InitDefaults  regioneu868.o
    0x08009f80   0x08009f80   0x0000016a   Code   RO         9502    i.RegionEU868LinkAdrReq  regioneu868.o
    0x0800a0ea   0x0800a0ea   0x00000042   Code   RO         9503    i.RegionEU868NewChannelReq  regioneu868.o
    0x0800a12c   0x0800a12c   0x000000ce   Code   RO         9504    i.RegionEU868NextChannel  regioneu868.o
    0x0800a1fa   0x0800a1fa   0x00000002   PAD
    0x0800a1fc   0x0800a1fc   0x000000e4   Code   RO         9506    i.RegionEU868RxConfig  regioneu868.o
    0x0800a2e0   0x0800a2e0   0x00000040   Code   RO         9507    i.RegionEU868RxParamSetupReq  regioneu868.o
    0x0800a320   0x0800a320   0x00000020   Code   RO         9508    i.RegionEU868SetBandTxDone  regioneu868.o
    0x0800a340   0x0800a340   0x00000058   Code   RO         9509    i.RegionEU868SetContinuousWave  regioneu868.o
    0x0800a398   0x0800a398   0x000000f2   Code   RO         9510    i.RegionEU868TxConfig  regioneu868.o
    0x0800a48a   0x0800a48a   0x00000006   Code   RO         9511    i.RegionEU868TxParamSetupReq  regioneu868.o
    0x0800a490   0x0800a490   0x00000050   Code   RO         9512    i.RegionEU868Verify  regioneu868.o
    0x0800a4e0   0x0800a4e0   0x0000000e   Code   RO         9239    i.RegionGetNvmCtx   region.o
    0x0800a4ee   0x0800a4ee   0x00000010   Code   RO         9240    i.RegionGetPhyParam  region.o
    0x0800a4fe   0x0800a4fe   0x0000000c   Code   RO         9241    i.RegionInitDefaults  region.o
    0x0800a50a   0x0800a50a   0x0000000c   Code   RO         9242    i.RegionIsActive    region.o
    0x0800a516   0x0800a516   0x00000022   Code   RO         9243    i.RegionLinkAdrReq  region.o
    0x0800a538   0x0800a538   0x0000000e   Code   RO         9244    i.RegionNewChannelReq  region.o
    0x0800a546   0x0800a546   0x00000020   Code   RO         9245    i.RegionNextChannel  region.o
    0x0800a566   0x0800a566   0x00000012   Code   RO         9247    i.RegionRxConfig    region.o
    0x0800a578   0x0800a578   0x0000000e   Code   RO         9248    i.RegionRxParamSetupReq  region.o
    0x0800a586   0x0800a586   0x0000000c   Code   RO         9249    i.RegionSetBandTxDone  region.o
    0x0800a592   0x0800a592   0x0000000c   Code   RO         9250    i.RegionSetContinuousWave  region.o
    0x0800a59e   0x0800a59e   0x0000001c   Code   RO         9251    i.RegionTxConfig    region.o
    0x0800a5ba   0x0800a5ba   0x0000000e   Code   RO         9252    i.RegionTxParamSetupReq  region.o
    0x0800a5c8   0x0800a5c8   0x00000012   Code   RO         9253    i.RegionVerify      region.o
    0x0800a5da   0x0800a5da   0x00000002   PAD
    0x0800a5dc   0x0800a5dc   0x00000020   Code   RO         8993    i.ResetFCnts        loramaccrypto.o
    0x0800a5fc   0x0800a5fc   0x000000bc   Code   RO         8196    i.ResetMacParameters  loramac.o
    0x0800a6b8   0x0800a6b8   0x0000008c   Code   RO         8197    i.RestoreCtxs       loramac.o
    0x0800a744   0x0800a744   0x00000020   Code   RO         5922    i.RtcBkupRead       rtc-board.o
    0x0800a764   0x0800a764   0x00000020   Code   RO         5923    i.RtcBkupWrite      rtc-board.o
    0x0800a784   0x0800a784   0x00000024   Code   RO         5925    i.RtcGetCalendarTime  rtc-board.o
    0x0800a7a8   0x0800a7a8   0x000000ac   Code   RO         5926    i.RtcGetCalendarValue  rtc-board.o
    0x0800a854   0x0800a854   0x00000004   Code   RO         5928    i.RtcGetMinimumTimeout  rtc-board.o
    0x0800a858   0x0800a858   0x0000000c   Code   RO         5929    i.RtcGetTimerContext  rtc-board.o
    0x0800a864   0x0800a864   0x0000001c   Code   RO         5930    i.RtcGetTimerElapsedTime  rtc-board.o
    0x0800a880   0x0800a880   0x00000010   Code   RO         5931    i.RtcGetTimerValue  rtc-board.o
    0x0800a890   0x0800a890   0x000000b0   Code   RO         5932    i.RtcInit           rtc-board.o
    0x0800a940   0x0800a940   0x00000010   Code   RO         5933    i.RtcMs2Tick        rtc-board.o
    0x0800a950   0x0800a950   0x00000044   Code   RO         5935    i.RtcSetAlarm       rtc-board.o
    0x0800a994   0x0800a994   0x00000074   Code   RO         5936    i.RtcSetMcuWakeUpTime  rtc-board.o
    0x0800aa08   0x0800aa08   0x000000ac   Code   RO         5937    i.RtcSetNewCalenarValue  rtc-board.o
    0x0800aab4   0x0800aab4   0x00000038   Code   RO         5939    i.RtcSetNewTimeValue  rtc-board.o
    0x0800aaec   0x0800aaec   0x00000018   Code   RO         5940    i.RtcSetTimerContext  rtc-board.o
    0x0800ab04   0x0800ab04   0x0000011c   Code   RO         5941    i.RtcStartAlarm     rtc-board.o
    0x0800ac20   0x0800ac20   0x00000030   Code   RO         5942    i.RtcStopAlarm      rtc-board.o
    0x0800ac50   0x0800ac50   0x00000016   Code   RO         5944    i.RtcTick2Ms        rtc-board.o
    0x0800ac66   0x0800ac66   0x00000002   PAD
    0x0800ac68   0x0800ac68   0x0000009c   Code   RO         7926    i.RxChainCalibration  sx1276.o
    0x0800ad04   0x0800ad04   0x00000040   Code   RO         8198    i.RxWindowSetup     loramac.o
    0x0800ad44   0x0800ad44   0x0000000c   Code   RO          211    i.SPI1_IRQHandler   stm32l4xx_it.o
    0x0800ad50   0x0800ad50   0x00000012   Code   RO         1067    i.SPI_DMAAbortOnError  stm32l4xx_hal_spi.o
    0x0800ad62   0x0800ad62   0x00000048   Code   RO         1078    i.SPI_EndRxTxTransaction  stm32l4xx_hal_spi.o
    0x0800adaa   0x0800adaa   0x00000096   Code   RO         1083    i.SPI_WaitFifoStateUntilTimeout  stm32l4xx_hal_spi.o
    0x0800ae40   0x0800ae40   0x00000094   Code   RO         1084    i.SPI_WaitFlagStateUntilTimeout  stm32l4xx_hal_spi.o
    0x0800aed4   0x0800aed4   0x00000040   Code   RO         6157    i.SX1276AntSwDeInit  sx1276mb1mas-board.o
    0x0800af14   0x0800af14   0x00000040   Code   RO         6158    i.SX1276AntSwInit   sx1276mb1mas-board.o
    0x0800af54   0x0800af54   0x00000004   Code   RO         6160    i.SX1276GetBoardTcxoWakeupTime  sx1276mb1mas-board.o
    0x0800af58   0x0800af58   0x0000000c   Code   RO         7927    i.SX1276GetStatus   sx1276.o
    0x0800af64   0x0800af64   0x00000294   Code   RO         7928    i.SX1276GetTimeOnAir  sx1276.o
    0x0800b1f8   0x0800b1f8   0x0000000a   Code   RO         7929    i.SX1276GetWakeupTime  sx1276.o
    0x0800b202   0x0800b202   0x00000002   PAD
    0x0800b204   0x0800b204   0x0000007c   Code   RO         7930    i.SX1276Init        sx1276.o
    0x0800b280   0x0800b280   0x00000088   Code   RO         6161    i.SX1276IoDeInit    sx1276mb1mas-board.o
    0x0800b308   0x0800b308   0x00000088   Code   RO         6162    i.SX1276IoInit      sx1276mb1mas-board.o
    0x0800b390   0x0800b390   0x00000060   Code   RO         6163    i.SX1276IoIrqInit   sx1276mb1mas-board.o
    0x0800b3f0   0x0800b3f0   0x0000004e   Code   RO         7931    i.SX1276IsChannelFree  sx1276.o
    0x0800b43e   0x0800b43e   0x00000002   PAD
    0x0800b440   0x0800b440   0x00000268   Code   RO         7932    i.SX1276OnDio0Irq   sx1276.o
    0x0800b6a8   0x0800b6a8   0x000000ec   Code   RO         7933    i.SX1276OnDio1Irq   sx1276.o
    0x0800b794   0x0800b794   0x000000d4   Code   RO         7934    i.SX1276OnDio2Irq   sx1276.o
    0x0800b868   0x0800b868   0x0000005c   Code   RO         7935    i.SX1276OnDio3Irq   sx1276.o
    0x0800b8c4   0x0800b8c4   0x00000020   Code   RO         7936    i.SX1276OnDio4Irq   sx1276.o
    0x0800b8e4   0x0800b8e4   0x000000e8   Code   RO         7938    i.SX1276OnTimeoutIrq  sx1276.o
    0x0800b9cc   0x0800b9cc   0x0000003e   Code   RO         7939    i.SX1276Random      sx1276.o
    0x0800ba0a   0x0800ba0a   0x00000010   Code   RO         7940    i.SX1276Read        sx1276.o
    0x0800ba1a   0x0800ba1a   0x00000002   PAD
    0x0800ba1c   0x0800ba1c   0x00000048   Code   RO         7941    i.SX1276ReadBuffer  sx1276.o
    0x0800ba64   0x0800ba64   0x0000000a   Code   RO         7942    i.SX1276ReadFifo    sx1276.o
    0x0800ba6e   0x0800ba6e   0x00000002   PAD
    0x0800ba70   0x0800ba70   0x00000044   Code   RO         7943    i.SX1276ReadRssi    sx1276.o
    0x0800bab4   0x0800bab4   0x0000003c   Code   RO         6164    i.SX1276Reset       sx1276mb1mas-board.o
    0x0800baf0   0x0800baf0   0x000000fc   Code   RO         7944    i.SX1276Send        sx1276.o
    0x0800bbec   0x0800bbec   0x00000040   Code   RO         6165    i.SX1276SetAntSw    sx1276mb1mas-board.o
    0x0800bc2c   0x0800bc2c   0x0000001c   Code   RO         6166    i.SX1276SetAntSwLowPower  sx1276mb1mas-board.o
    0x0800bc48   0x0800bc48   0x0000004c   Code   RO         7945    i.SX1276SetChannel  sx1276.o
    0x0800bc94   0x0800bc94   0x00000034   Code   RO         7946    i.SX1276SetMaxPayloadLength  sx1276.o
    0x0800bcc8   0x0800bcc8   0x00000078   Code   RO         7947    i.SX1276SetModem    sx1276.o
    0x0800bd40   0x0800bd40   0x00000030   Code   RO         7948    i.SX1276SetOpMode   sx1276.o
    0x0800bd70   0x0800bd70   0x00000028   Code   RO         7949    i.SX1276SetPublicNetwork  sx1276.o
    0x0800bd98   0x0800bd98   0x00000096   Code   RO         6167    i.SX1276SetRfTxPower  sx1276mb1mas-board.o
    0x0800be2e   0x0800be2e   0x00000002   PAD
    0x0800be30   0x0800be30   0x0000020c   Code   RO         7950    i.SX1276SetRx       sx1276.o
    0x0800c03c   0x0800c03c   0x000002e4   Code   RO         7951    i.SX1276SetRxConfig  sx1276.o
    0x0800c320   0x0800c320   0x00000028   Code   RO         7952    i.SX1276SetSleep    sx1276.o
    0x0800c348   0x0800c348   0x00000028   Code   RO         7953    i.SX1276SetStby     sx1276.o
    0x0800c370   0x0800c370   0x000000a4   Code   RO         7954    i.SX1276SetTx       sx1276.o
    0x0800c414   0x0800c414   0x0000022c   Code   RO         7955    i.SX1276SetTxConfig  sx1276.o
    0x0800c640   0x0800c640   0x00000084   Code   RO         7956    i.SX1276SetTxContinuousWave  sx1276.o
    0x0800c6c4   0x0800c6c4   0x00000040   Code   RO         7957    i.SX1276StartCad    sx1276.o
    0x0800c704   0x0800c704   0x0000000c   Code   RO         7958    i.SX1276Write       sx1276.o
    0x0800c710   0x0800c710   0x00000048   Code   RO         7959    i.SX1276WriteBuffer  sx1276.o
    0x0800c758   0x0800c758   0x0000000a   Code   RO         7960    i.SX1276WriteFifo   sx1276.o
    0x0800c762   0x0800c762   0x00000002   PAD
    0x0800c764   0x0800c764   0x0000016c   Code   RO         8199    i.ScheduleTx        loramac.o
    0x0800c8d0   0x0800c8d0   0x00000068   Code   RO         5338    i.SecureElementAesEncrypt  soft-se.o
    0x0800c938   0x0800c938   0x00000014   Code   RO         5339    i.SecureElementComputeAesCmac  soft-se.o
    0x0800c94c   0x0800c94c   0x00000048   Code   RO         5340    i.SecureElementDeriveAndStoreKey  soft-se.o
    0x0800c994   0x0800c994   0x00000010   Code   RO         5341    i.SecureElementGetNvmCtx  soft-se.o
    0x0800c9a4   0x0800c9a4   0x000000b4   Code   RO         5342    i.SecureElementInit  soft-se.o
    0x0800ca58   0x0800ca58   0x0000001c   Code   RO         5343    i.SecureElementRandomNumber  soft-se.o
    0x0800ca74   0x0800ca74   0x0000001c   Code   RO         5344    i.SecureElementRestoreNvmCtx  soft-se.o
    0x0800ca90   0x0800ca90   0x00000094   Code   RO         5345    i.SecureElementSetKey  soft-se.o
    0x0800cb24   0x0800cb24   0x0000002a   Code   RO         5346    i.SecureElementVerifyAesCmac  soft-se.o
    0x0800cb4e   0x0800cb4e   0x00000002   PAD
    0x0800cb50   0x0800cb50   0x00000054   Code   RO         8200    i.SecureFrame       loramac.o
    0x0800cba4   0x0800cba4   0x0000013e   Code   RO         8201    i.Send              loramac.o
    0x0800cce2   0x0800cce2   0x00000002   PAD
    0x0800cce4   0x0800cce4   0x000000dc   Code   RO         8202    i.SendFrameOnChannel  loramac.o
    0x0800cdc0   0x0800cdc0   0x0000004c   Code   RO         8203    i.SendReJoinReq     loramac.o
    0x0800ce0c   0x0800ce0c   0x0000001c   Code   RO         8204    i.SetMlmeScheduleUplinkIndication  loramac.o
    0x0800ce28   0x0800ce28   0x00000148   Code   RO         6323    i.SetPageState      eeprom_emul.o
    0x0800cf70   0x0800cf70   0x00000054   Code   RO         8205    i.SetTxContinuousWave  loramac.o
    0x0800cfc4   0x0800cfc4   0x0000002c   Code   RO         8206    i.SetTxContinuousWave1  loramac.o
    0x0800cff0   0x0800cff0   0x00000074   Code   RO         5097    i.Set_Default_System_Config  common.o
    0x0800d064   0x0800d064   0x00000074   Code   RO         6107    i.SpiDeInit         spi-board.o
    0x0800d0d8   0x0800d0d8   0x000000c8   Code   RO         6108    i.SpiFormat         spi-board.o
    0x0800d1a0   0x0800d1a0   0x00000040   Code   RO         6109    i.SpiFrequency      spi-board.o
    0x0800d1e0   0x0800d1e0   0x0000005c   Code   RO         6110    i.SpiInOut          spi-board.o
    0x0800d23c   0x0800d23c   0x00000126   Code   RO         6111    i.SpiInit           spi-board.o
    0x0800d362   0x0800d362   0x00000002   PAD
    0x0800d364   0x0800d364   0x00000058   Code   RO         8207    i.StopRetransmission  loramac.o
    0x0800d3bc   0x0800d3bc   0x0000011c   Code   RO         8208    i.SwitchClass       loramac.o
    0x0800d4d8   0x0800d4d8   0x0000000e   Code   RO          212    i.SysTick_Handler   stm32l4xx_it.o
    0x0800d4e6   0x0800d4e6   0x00000026   Code   RO         6704    i.SysTimeAdd        systime.o
    0x0800d50c   0x0800d50c   0x00000038   Code   RO         6705    i.SysTimeGet        systime.o
    0x0800d544   0x0800d544   0x0000001a   Code   RO         6706    i.SysTimeGetMcuTime  systime.o
    0x0800d55e   0x0800d55e   0x00000034   Code   RO         6709    i.SysTimeSet        systime.o
    0x0800d592   0x0800d592   0x00000024   Code   RO         6710    i.SysTimeSub        systime.o
    0x0800d5b6   0x0800d5b6   0x00000002   PAD
    0x0800d5b8   0x0800d5b8   0x00000044   Code   RO         5048    i.System1MsTick     systick_driver.o
    0x0800d5fc   0x0800d5fc   0x000000c4   Code   RO         5457    i.SystemClockConfig  board.o
    0x0800d6c0   0x0800d6c0   0x00000078   Code   RO         5458    i.SystemClockReConfig  board.o
    0x0800d738   0x0800d738   0x00000044   Code   RO         3696    i.SystemInit        system_stm32l4xx.o
    0x0800d77c   0x0800d77c   0x0000000e   Code   RO         6791    i.TimerGetCurrentTime  timer.o
    0x0800d78a   0x0800d78a   0x00000020   Code   RO         6792    i.TimerGetElapsedTime  timer.o
    0x0800d7aa   0x0800d7aa   0x00000012   Code   RO         6793    i.TimerInit         timer.o
    0x0800d7bc   0x0800d7bc   0x00000018   Code   RO         6794    i.TimerInsertNewHeadTimer  timer.o
    0x0800d7d4   0x0800d7d4   0x00000080   Code   RO         6795    i.TimerIrqHandler   timer.o
    0x0800d854   0x0800d854   0x0000002e   Code   RO         6800    i.TimerSetTimeout   timer.o
    0x0800d882   0x0800d882   0x00000022   Code   RO         6801    i.TimerSetValue     timer.o
    0x0800d8a4   0x0800d8a4   0x00000074   Code   RO         6802    i.TimerStart        timer.o
    0x0800d918   0x0800d918   0x00000064   Code   RO         6803    i.TimerStop         timer.o
    0x0800d97c   0x0800d97c   0x0000000c   Code   RO          213    i.UART5_IRQHandler  stm32l4xx_it.o
    0x0800d988   0x0800d988   0x000000c8   Code   RO         1455    i.UART_AdvFeatureConfig  stm32l4xx_hal_uart.o
    0x0800da50   0x0800da50   0x0000005c   Code   RO         1456    i.UART_CheckIdleState  stm32l4xx_hal_uart.o
    0x0800daac   0x0800daac   0x00000014   Code   RO         1457    i.UART_DMAAbortOnError  stm32l4xx_hal_uart.o
    0x0800dac0   0x0800dac0   0x00000020   Code   RO         1467    i.UART_EndRxTransfer  stm32l4xx_hal_uart.o
    0x0800dae0   0x0800dae0   0x0000005c   Code   RO         1469    i.UART_RxISR_16BIT  stm32l4xx_hal_uart.o
    0x0800db3c   0x0800db3c   0x0000005a   Code   RO         1470    i.UART_RxISR_8BIT   stm32l4xx_hal_uart.o
    0x0800db96   0x0800db96   0x00000002   PAD
    0x0800db98   0x0800db98   0x000002a0   Code   RO         1471    i.UART_SetConfig    stm32l4xx_hal_uart.o
    0x0800de38   0x0800de38   0x00000064   Code   RO         1474    i.UART_WaitOnFlagUntilTimeout  stm32l4xx_hal_uart.o
    0x0800de9c   0x0800de9c   0x0000000c   Code   RO          214    i.USART1_IRQHandler  stm32l4xx_it.o
    0x0800dea8   0x0800dea8   0x0000000c   Code   RO          215    i.USART2_IRQHandler  stm32l4xx_it.o
    0x0800deb4   0x0800deb4   0x0000000c   Code   RO          216    i.USART3_IRQHandler  stm32l4xx_it.o
    0x0800dec0   0x0800dec0   0x0000003c   Code   RO         8994    i.UpdateFCntDown    loramaccrypto.o
    0x0800defc   0x0800defc   0x0000001c   Code   RO         8209    i.UpdateRxSlotIdleState  loramac.o
    0x0800df18   0x0800df18   0x00000006   Code   RO          217    i.UsageFault_Handler  stm32l4xx_it.o
    0x0800df1e   0x0800df1e   0x00000076   Code   RO         8995    i.VerifyCmacB0      loramaccrypto.o
    0x0800df94   0x0800df94   0x00000022   Code   RO         6324    i.VerifyPageFullyErased  eeprom_emul.o
    0x0800dfb6   0x0800dfb6   0x00000002   PAD
    0x0800dfb8   0x0800dfb8   0x000000b4   Code   RO         6325    i.VerifyPagesFullWriteVariable  eeprom_emul.o
    0x0800e06c   0x0800e06c   0x00000098   Code   RO         9513    i.VerifyRfFreq      regioneu868.o
    0x0800e104   0x0800e104   0x000000bc   Code   RO         9871    i._Z11JoinNetworkv  task_lora.o
    0x0800e1c0   0x0800e1c0   0x0000024c   Code   RO         9872    i._Z11McpsConfirmP12sMcpsConfirm  task_lora.o
    0x0800e40c   0x0800e40c   0x00000144   Code   RO         9873    i._Z11MlmeConfirmP12sMlmeConfirm  task_lora.o
    0x0800e550   0x0800e550   0x00000104   Code   RO         9778    i._Z11vtaskDislayPv  task_display.o
    0x0800e654   0x0800e654   0x00000400   Code   RO         9874    i._Z14McpsIndicationP15sMcpsIndication  task_lora.o
    0x0800ea54   0x0800ea54   0x00000078   Code   RO         9875    i._Z14MlmeIndicationP15sMlmeIndication  task_lora.o
    0x0800eacc   0x0800eacc   0x0000007c   Code   RO         9876    i._Z14PrepareTxFrameh  task_lora.o
    0x0800eb48   0x0800eb48   0x00000048   Code   RO         9877    i._Z14PrintHexBufferPhh  task_lora.o
    0x0800eb90   0x0800eb90   0x00000012   Code   RO         7529    i._Z15sFLASH_SendByteh  sst25vf_spi.o
    0x0800eba2   0x0800eba2   0x00000002   PAD
    0x0800eba4   0x0800eba4   0x000000a8   Code   RO         9813    i._Z15vtaskDataSerialPv  task_sensorserial.o
    0x0800ec4c   0x0800ec4c   0x0000001c   Code   RO         9878    i._Z16OnLed1TimerEventPv  task_lora.o
    0x0800ec68   0x0800ec68   0x0000001c   Code   RO         9879    i._Z16OnLed2TimerEventPv  task_lora.o
    0x0800ec84   0x0800ec84   0x00000048   Code   RO         7530    i._Z16sFLASH_WriteBytejh  sst25vf_spi.o
    0x0800eccc   0x0800eccc   0x0000025c   Code   RO         9814    i._Z17parserDataMessagePc  task_sensorserial.o
    0x0800ef28   0x0800ef28   0x00000070   Code   RO         7531    i._Z17sFLASH_WriteBytesPKhjj  sst25vf_spi.o
    0x0800ef98   0x0800ef98   0x0000000c   Code   RO         9880    i._Z18OnMacProcessNotifyv  task_lora.o
    0x0800efa4   0x0800efa4   0x00000020   Code   RO         7532    i._Z18sFLASH_WriteEnablev  sst25vf_spi.o
    0x0800efc4   0x0800efc4   0x0000000c   Code   RO        10229    i._Z19Start_Init_ExtFlashv  main_loadconfig.o
    0x0800efd0   0x0800efd0   0x00000020   Code   RO         7533    i._Z19sFLASH_WriteDisablev  sst25vf_spi.o
    0x0800eff0   0x0800eff0   0x0000002c   Code   RO         7534    i._Z22sFLASH_WaitForWriteEndv  sst25vf_spi.o
    0x0800f01c   0x0800f01c   0x0000004c   Code   RO        10231    i._Z23Read_Flash_Config_Savedv  main_loadconfig.o
    0x0800f068   0x0800f068   0x0000007c   Code   RO        10232    i._Z24Check_Flash_Config_Savedv  main_loadconfig.o
    0x0800f0e4   0x0800f0e4   0x0000003c   Code   RO         9881    i._Z24OnTxNextPacketTimerEventPv  task_lora.o
    0x0800f120   0x0800f120   0x000000e4   Code   RO         9882    i._Z9SendFramev     task_lora.o
    0x0800f204   0x0800f204   0x0000010c   Code   RO        10201    i._Z9vtaskGnssPv    task_gnss.o
    0x0800f310   0x0800f310   0x0000001c   Code   RO         9749    i._Z9vtaskIWDGPv    task_watchdog.o
    0x0800f32c   0x0800f32c   0x000004f4   Code   RO         9883    i._Z9vtaskLoRaPv    task_lora.o
    0x0800f820   0x0800f820   0x00000012   Code   RO         7436    i._ZN13SST25ExtFlash4readEPvjj  extmem_hal.o
    0x0800f832   0x0800f832   0x00000004   Code   RO         7437    i._ZN13SST25ExtFlash5StartEv  extmem_hal.o
    0x0800f836   0x0800f836   0x00000012   Code   RO         7438    i._ZN13SST25ExtFlash5writeEPKvjj  extmem_hal.o
    0x0800f848   0x0800f848   0x0000002c   Code   RO         7439    i._ZN13SST25ExtFlash8eraseAllEv  extmem_hal.o
    0x0800f874   0x0800f874   0x00000024   Code   RO         7442    i._ZN13SST25ExtFlash9erasePageEj  extmem_hal.o
    0x0800f898   0x0800f898   0x0000001a   Code   RO         6893    i._ZN9SimpleLCD11lcdGoToAddrEc  lcd.o
    0x0800f8b2   0x0800f8b2   0x00000038   Code   RO         6894    i._ZN9SimpleLCD11sendCommandEc  lcd.o
    0x0800f8ea   0x0800f8ea   0x00000022   Code   RO         6895    i._ZN9SimpleLCD12lcdWriteTextEPc  lcd.o
    0x0800f90c   0x0800f90c   0x00000094   Code   RO         6896    i._ZN9SimpleLCD15sendCommand4BitEc  lcd.o
    0x0800f9a0   0x0800f9a0   0x0000007e   Code   RO         6897    i._ZN9SimpleLCD7lcdInitEv  lcd.o
    0x0800fa1e   0x0800fa1e   0x00000016   Code   RO         6898    i._ZN9SimpleLCD8lcdClearEv  lcd.o
    0x0800fa34   0x0800fa34   0x00000026   Code   RO         6899    i._ZN9SimpleLCD9lcdGoToXYEcc  lcd.o
    0x0800fa5a   0x0800fa5a   0x000000d0   Code   RO         6900    i._ZN9SimpleLCDC1EP5lcd_t  lcd.o
    0x0800fb2a   0x0800fb2a   0x00000004   Code   RO         9838    i._ZSt6strchrPci    task_sensorserial.o
    0x0800fb2e   0x0800fb2e   0x00000002   PAD
    0x0800fb30   0x0800fb30   0x00000028   Code   RO        10562    i.__0sprintf        mc_w.l(printfa.o)
    0x0800fb58   0x0800fb58   0x00000024   Code   RO        10566    i.__0vsprintf       mc_w.l(printfa.o)
    0x0800fb7c   0x0800fb7c   0x00000008   Code   RO        10689    i.__aeabi_errno_addr  mc_w.l(errno.o)
    0x0800fb84   0x0800fb84   0x00000004   PAD
    0x0800fb88   0x0800fb88   0x00000038   Code   RO        10283    i.__hardfp_atof     m_wm.l(atof.o)
    0x0800fbc0   0x0800fbc0   0x00000118   Code   RO        10289    i.__hardfp_ceil     m_wm.l(ceil.o)
    0x0800fcd8   0x0800fcd8   0x00000118   Code   RO        10295    i.__hardfp_floor    m_wm.l(floor.o)
    0x0800fdf0   0x0800fdf0   0x000000e0   Code   RO        10301    i.__hardfp_round    m_wm.l(round.o)
    0x0800fed0   0x0800fed0   0x0000000c   Code   RO        10690    i.__read_errno      mc_w.l(errno.o)
    0x0800fedc   0x0800fedc   0x0000000e   Code   RO        10931    i.__scatterload_copy  mc_w.l(handlers.o)
    0x0800feea   0x0800feea   0x00000002   Code   RO        10932    i.__scatterload_null  mc_w.l(handlers.o)
    0x0800feec   0x0800feec   0x0000000e   Code   RO        10933    i.__scatterload_zeroinit  mc_w.l(handlers.o)
    0x0800fefa   0x0800fefa   0x00000002   PAD
    0x0800fefc   0x0800fefc   0x0000000c   Code   RO        10691    i.__set_errno       mc_w.l(errno.o)
    0x0800ff08   0x0800ff08   0x0000018a   Code   RO        10567    i._fp_digits        mc_w.l(printfa.o)
    0x08010092   0x08010092   0x0000000e   Code   RO        10871    i._is_digit         mc_w.l(scanf_fp.o)
    0x080100a0   0x080100a0   0x000006e2   Code   RO        10568    i._printf_core      mc_w.l(printfa.o)
    0x08010782   0x08010782   0x00000024   Code   RO        10569    i._printf_post_padding  mc_w.l(printfa.o)
    0x080107a6   0x080107a6   0x0000002e   Code   RO        10570    i._printf_pre_padding  mc_w.l(printfa.o)
    0x080107d4   0x080107d4   0x0000000a   Code   RO        10572    i._sputc            mc_w.l(printfa.o)
    0x080107de   0x080107de   0x0000004e   Code   RO         5249    i.aes_encrypt       aes.o
    0x0801082c   0x0801082c   0x000000f6   Code   RO         5250    i.aes_set_key       aes.o
    0x08010922   0x08010922   0x00000084   Code   RO         5251    i.copy_and_key      aes.o
    0x080109a6   0x080109a6   0x00000042   Code   RO         5252    i.copy_block        aes.o
    0x080109e8   0x080109e8   0x00000012   Code   RO         8782    i.freeMacCommandSlot  loramaccommands.o
    0x080109fa   0x080109fa   0x00000016   Code   RO         8783    i.isSlotFree        loramaccommands.o
    0x08010a10   0x08010a10   0x000002f4   Code   RO         9661    i.main              main_1.o
    0x08010d04   0x08010d04   0x00000030   Code   RO         8784    i.mallocNewMacCommandSlot  loramaccommands.o
    0x08010d34   0x08010d34   0x00000014   Code   RO         5199    i.memcpy1           utilities.o
    0x08010d48   0x08010d48   0x00000018   Code   RO         5200    i.memcpyr           utilities.o
    0x08010d60   0x08010d60   0x00000010   Code   RO         5201    i.memset1           utilities.o
    0x08010d70   0x08010d70   0x0000021c   Code   RO         5253    i.mix_sub_columns   aes.o
    0x08010f8c   0x08010f8c   0x0000003c   Code   RO         7642    i.nmea_get_message_type  nmea.o
    0x08010fc8   0x08010fc8   0x000001aa   Code   RO         7643    i.nmea_parse_gpgga  nmea.o
    0x08011172   0x08011172   0x00000002   PAD
    0x08011174   0x08011174   0x000002c2   Code   RO         7644    i.nmea_parse_gprmc  nmea.o
    0x08011436   0x08011436   0x00000032   Code   RO         7645    i.nmea_valid_checksum  nmea.o
    0x08011468   0x08011468   0x00000030   Code   RO         7646    i.parseGPSStr       nmea.o
    0x08011498   0x08011498   0x00000070   Code   RO         4228    i.prvAddCurrentTaskToDelayedList  tasks.o
    0x08011508   0x08011508   0x000000d0   Code   RO         4229    i.prvAddNewTaskToReadyList  tasks.o
    0x080115d8   0x080115d8   0x00000050   Code   RO         4572    i.prvCheckForValidListAndQueue  timers.o
    0x08011628   0x08011628   0x00000026   Code   RO         3883    i.prvCopyDataFromQueue  queue.o
    0x0801164e   0x0801164e   0x0000006c   Code   RO         3884    i.prvCopyDataToQueue  queue.o
    0x080116ba   0x080116ba   0x00000014   Code   RO         4230    i.prvDeleteTCB      tasks.o
    0x080116ce   0x080116ce   0x00000002   PAD
    0x080116d0   0x080116d0   0x00000048   Code   RO         4699    i.prvHeapInit       heap_4.o
    0x08011718   0x08011718   0x00000060   Code   RO         4231    i.prvIdleTask       tasks.o
    0x08011778   0x08011778   0x0000009c   Code   RO         4232    i.prvInitialiseNewTask  tasks.o
    0x08011814   0x08011814   0x0000004c   Code   RO         4700    i.prvInsertBlockIntoFreeList  heap_4.o
    0x08011860   0x08011860   0x00000038   Code   RO         4573    i.prvInsertTimerInActiveList  timers.o
    0x08011898   0x08011898   0x0000001c   Code   RO         3885    i.prvIsQueueEmpty   queue.o
    0x080118b4   0x080118b4   0x000000b8   Code   RO         4574    i.prvProcessReceivedCommands  timers.o
    0x0801196c   0x0801196c   0x000000b4   Code   RO         4575    i.prvProcessTimerOrBlockTask  timers.o
    0x08011a20   0x08011a20   0x00000020   Code   RO         4234    i.prvResetNextTaskUnblockTime  tasks.o
    0x08011a40   0x08011a40   0x00000028   Code   RO         4576    i.prvSampleTimeNow  timers.o
    0x08011a68   0x08011a68   0x0000006c   Code   RO         4577    i.prvSwitchTimerLists  timers.o
    0x08011ad4   0x08011ad4   0x00000028   Code   RO         4749    i.prvTaskExitError  port.o
    0x08011afc   0x08011afc   0x00000024   Code   RO         4578    i.prvTimerTask      timers.o
    0x08011b20   0x08011b20   0x0000006a   Code   RO         3886    i.prvUnlockQueue    queue.o
    0x08011b8a   0x08011b8a   0x00000002   PAD
    0x08011b8c   0x08011b8c   0x000000d8   Code   RO         4701    i.pvPortMalloc      heap_4.o
    0x08011c64   0x08011c64   0x0000002c   Code   RO         4750    i.pxPortInitialiseStack  port.o
    0x08011c90   0x08011c90   0x00000028   Code   RO         5202    i.rand1             utilities.o
    0x08011cb8   0x08011cb8   0x0000001a   Code   RO         5203    i.randr             utilities.o
    0x08011cd2   0x08011cd2   0x00000002   PAD
    0x08011cd4   0x08011cd4   0x00000040   Code   RO         7536    i.sFLASH_EraseSector  sst25vf_spi.o
    0x08011d14   0x08011d14   0x00000084   Code   RO         7537    i.sFLASH_Init       sst25vf_spi.o
    0x08011d98   0x08011d98   0x00000050   Code   RO         7538    i.sFLASH_ReadBuffer  sst25vf_spi.o
    0x08011de8   0x08011de8   0x00000040   Code   RO         7539    i.sFLASH_ReadID     sst25vf_spi.o
    0x08011e28   0x08011e28   0x00000042   Code   RO         7541    i.sFLASH_WriteBuffer  sst25vf_spi.o
    0x08011e6a   0x08011e6a   0x00000002   PAD
    0x08011e6c   0x08011e6c   0x00000068   Code   RO         5254    i.shift_sub_rows    aes.o
    0x08011ed4   0x08011ed4   0x0000000c   Code   RO         5204    i.srand1            utilities.o
    0x08011ee0   0x08011ee0   0x00000026   Code   RO         3843    i.uxListRemove      list.o
    0x08011f06   0x08011f06   0x00000016   Code   RO         3844    i.vListInitialise   list.o
    0x08011f1c   0x08011f1c   0x00000006   Code   RO         3845    i.vListInitialiseItem  list.o
    0x08011f22   0x08011f22   0x00000030   Code   RO         3846    i.vListInsert       list.o
    0x08011f52   0x08011f52   0x00000018   Code   RO         3847    i.vListInsertEnd    list.o
    0x08011f6a   0x08011f6a   0x00000002   PAD
    0x08011f6c   0x08011f6c   0x00000040   Code   RO         4752    i.vPortEnterCritical  port.o
    0x08011fac   0x08011fac   0x00000028   Code   RO         4753    i.vPortExitCritical  port.o
    0x08011fd4   0x08011fd4   0x0000005c   Code   RO         4702    i.vPortFree         heap_4.o
    0x08012030   0x08012030   0x00000024   Code   RO         4754    i.vPortSetupTimerInterrupt  port.o
    0x08012054   0x08012054   0x00000054   Code   RO         4755    i.vPortValidateInterruptPriority  port.o
    0x080120a8   0x080120a8   0x00000028   Code   RO         3892    i.vQueueAddToRegistry  queue.o
    0x080120d0   0x080120d0   0x00000044   Code   RO         3896    i.vQueueWaitForMessageRestricted  queue.o
    0x08012114   0x08012114   0x0000004c   Code   RO         4245    i.vTaskDelay        tasks.o
    0x08012160   0x08012160   0x00000010   Code   RO         4250    i.vTaskInternalSetTimeOutState  tasks.o
    0x08012170   0x08012170   0x0000000c   Code   RO         4251    i.vTaskMissedYield  tasks.o
    0x0801217c   0x0801217c   0x00000030   Code   RO         4253    i.vTaskPlaceOnEventList  tasks.o
    0x080121ac   0x080121ac   0x00000038   Code   RO         4254    i.vTaskPlaceOnEventListRestricted  tasks.o
    0x080121e4   0x080121e4   0x00000070   Code   RO         4262    i.vTaskStartScheduler  tasks.o
    0x08012254   0x08012254   0x00000010   Code   RO         4264    i.vTaskSuspendAll   tasks.o
    0x08012264   0x08012264   0x0000005c   Code   RO         4265    i.vTaskSwitchContext  tasks.o
    0x080122c0   0x080122c0   0x000000f4   Code   RO         4756    i.xPortStartScheduler  port.o
    0x080123b4   0x080123b4   0x0000002c   Code   RO         4757    i.xPortSysTickHandler  port.o
    0x080123e0   0x080123e0   0x00000052   Code   RO         3898    i.xQueueGenericCreate  queue.o
    0x08012432   0x08012432   0x00000002   PAD
    0x08012434   0x08012434   0x00000088   Code   RO         3899    i.xQueueGenericReset  queue.o
    0x080124bc   0x080124bc   0x00000160   Code   RO         3900    i.xQueueGenericSend  queue.o
    0x0801261c   0x0801261c   0x000000bc   Code   RO         3901    i.xQueueGenericSendFromISR  queue.o
    0x080126d8   0x080126d8   0x00000138   Code   RO         3909    i.xQueueReceive     queue.o
    0x08012810   0x08012810   0x00000074   Code   RO         4266    i.xTaskCheckForTimeOut  tasks.o
    0x08012884   0x08012884   0x0000005c   Code   RO         4267    i.xTaskCreate       tasks.o
    0x080128e0   0x080128e0   0x0000001c   Code   RO         4272    i.xTaskGetSchedulerState  tasks.o
    0x080128fc   0x080128fc   0x0000000c   Code   RO         4273    i.xTaskGetTickCount  tasks.o
    0x08012908   0x08012908   0x000000c8   Code   RO         4275    i.xTaskIncrementTick  tasks.o
    0x080129d0   0x080129d0   0x00000098   Code   RO         4278    i.xTaskPriorityDisinherit  tasks.o
    0x08012a68   0x08012a68   0x00000074   Code   RO         4280    i.xTaskRemoveFromEventList  tasks.o
    0x08012adc   0x08012adc   0x000000c4   Code   RO         4281    i.xTaskResumeAll    tasks.o
    0x08012ba0   0x08012ba0   0x00000048   Code   RO         4584    i.xTimerCreateTimerTask  timers.o
    0x08012be8   0x08012be8   0x00000060   Code   RO         4585    i.xTimerGenericCommand  timers.o
    0x08012c48   0x08012c48   0x00000082   Code   RO         5255    i.xor_block         aes.o
    0x08012cca   0x08012cca   0x00000002   PAD
    0x08012ccc   0x08012ccc   0x00000040   Data   RO         3697    .constdata          system_stm32l4xx.o
    0x08012d0c   0x08012d0c   0x00000008   Data   RO         3698    .constdata          system_stm32l4xx.o
    0x08012d14   0x08012d14   0x00000300   Data   RO         5256    .constdata          aes.o
    0x08013014   0x08013014   0x00000018   Data   RO         5946    .constdata          rtc-board.o
    0x0801302c   0x0801302c   0x00000010   Data   RO         7647    .constdata          nmea.o
    0x0801303c   0x0801303c   0x0000006c   Data   RO         7746    .constdata          radio.o
    0x080130a8   0x080130a8   0x000000e0   Data   RO         7962    .constdata          sx1276.o
    0x08013188   0x08013188   0x00000010   Data   RO         8211    .constdata          loramac.o
    0x08013198   0x08013198   0x00000003   Data   RO         8786    .constdata          loramaccommands.o
    0x0801319b   0x0801319b   0x00000001   PAD
    0x0801319c   0x0801319c   0x000000d0   Data   RO         9515    .constdata          regioneu868.o
    0x0801326c   0x0801326c   0x00000018   Data   RO         9898    .constdata          task_lora.o
    0x08013284   0x08013284   0x00000081   Data   RO        10662    .constdata          mc_w.l(ctype_o.o)
    0x08013305   0x08013305   0x00000003   PAD
    0x08013308   0x08013308   0x00000004   Data   RO        10663    .constdata          mc_w.l(ctype_o.o)
    0x0801330c   0x0801330c   0x00000321   Data   RO         9899    .conststring        task_lora.o
    0x0801362d   0x0801362d   0x00000003   PAD
    0x08013630   0x08013630   0x00000020   Data   RO        10929    Region$$Table       anon$$obj.o


    Execution Region RW_IRAM1 (Exec base: 0x20000000, Load base: 0x08013650, Size: 0x0000f8f8, Max: 0x00018000, ABSOLUTE, COMPRESSED[0x000000f8])

    Exec Addr    Load Addr    Size         Type   Attr      Idx    E Section Name        Object

    0x20000000   COMPRESSED   0x00000004   Data   RW         1870    .data               stm32l4xx_hal.o
    0x20000004   COMPRESSED   0x00000020   Data   RW         2821    .data               stm32l4xx_hal_flash.o
    0x20000024   COMPRESSED   0x00000004   Data   RW         3699    .data               system_stm32l4xx.o
    0x20000028   COMPRESSED   0x0000003c   Data   RW         4284    .data               tasks.o
    0x20000064   COMPRESSED   0x00000014   Data   RW         4591    .data               timers.o
    0x20000078   COMPRESSED   0x00000018   Data   RW         4707    .data               heap_4.o
    0x20000090   COMPRESSED   0x0000000c   Data   RW         4758    .data               port.o
    0x2000009c   COMPRESSED   0x00000004   Data   RW         4849    .data               uart_driver.o
    0x200000a0   COMPRESSED   0x0000000c   Data   RW         5049    .data               systick_driver.o
    0x200000ac   COMPRESSED   0x00000023   Data   RW         5099    .data               common.o
    0x200000cf   COMPRESSED   0x00000001   PAD
    0x200000d0   COMPRESSED   0x00000004   Data   RW         5205    .data               utilities.o
    0x200000d4   COMPRESSED   0x00000004   Data   RW         5348    .data               soft-se.o
    0x200000d8   COMPRESSED   0x00000003   Data   RW         5460    .data               board.o
    0x200000db   COMPRESSED   0x00000001   PAD
    0x200000dc   COMPRESSED   0x00000004   Data   RW         5651    .data               eeprom-board.o
    0x200000e0   COMPRESSED   0x00000008   Data   RW         5850    .data               lpm-board.o
    0x200000e8   COMPRESSED   0x0000001c   Data   RW         5947    .data               rtc-board.o
    0x20000104   COMPRESSED   0x00000001   Data   RW         6169    .data               sx1276mb1mas-board.o
    0x20000105   COMPRESSED   0x00000003   PAD
    0x20000108   COMPRESSED   0x0000000c   Data   RW         6327    .data               eeprom_emul.o
    0x20000114   COMPRESSED   0x00000004   Data   RW         6805    .data               timer.o
    0x20000118   COMPRESSED   0x00000008   Data   RW         7752    .data               radio.o
    0x20000120   COMPRESSED   0x0000001c   Data   RW         7963    .data               sx1276.o
    0x2000013c   COMPRESSED   0x00000008   Data   RW         8212    .data               loramac.o
    0x20000144   COMPRESSED   0x00000004   Data   RW         8787    .data               loramaccommands.o
    0x20000148   COMPRESSED   0x00000014   Data   RW         8997    .data               loramaccrypto.o
    0x2000015c   COMPRESSED   0x00000004   Data   RW         9125    .data               loramacfcnthandler.o
    0x20000160   COMPRESSED   0x0000012c   Data   RW         9900    .data               task_lora.o
    0x2000028c   COMPRESSED   0x00000001   Data   RW        10238    .data               main_loadconfig.o
    0x2000028d   COMPRESSED   0x00000003   PAD
    0x20000290   COMPRESSED   0x00000004   Data   RW        10310    .data               mc_w.l(stdout.o)
    0x20000294   COMPRESSED   0x00000004   Data   RW        10692    .data               mc_w.l(errno.o)
    0x20000298        -       0x00000040   Zero   RW         3912    .bss                queue.o
    0x200002d8        -       0x000000f0   Zero   RW         4283    .bss                tasks.o
    0x200003c8        -       0x00000028   Zero   RW         4590    .bss                timers.o
    0x200003f0        -       0x0000c350   Zero   RW         4706    .bss                heap_4.o
    0x2000c740        -       0x000001e0   Zero   RW         4844    .bss                uart_driver.o
    0x2000c920        -       0x00000048   Zero   RW         4845    .bss                uart_driver.o
    0x2000c968        -       0x00000048   Zero   RW         4846    .bss                uart_driver.o
    0x2000c9b0        -       0x00000048   Zero   RW         4847    .bss                uart_driver.o
    0x2000c9f8        -       0x00000048   Zero   RW         4848    .bss                uart_driver.o
    0x2000ca40        -       0x00000064   Zero   RW         4976    .bss                spi_driver.o
    0x2000caa4        -       0x00000010   Zero   RW         5016    .bss                iwdg_driver.o
    0x2000cab4        -       0x0000009a   Zero   RW         5098    .bss                common.o
    0x2000cb4e   COMPRESSED   0x00000002   PAD
    0x2000cb50        -       0x000003a4   Zero   RW         5347    .bss                soft-se.o
    0x2000cef4        -       0x0000066c   Zero   RW         5459    .bss                board.o
    0x2000d560        -       0x00001000   Zero   RW         5650    .bss                eeprom-board.o
    0x2000e560        -       0x00000040   Zero   RW         5742    .bss                gpio-board.o
    0x2000e5a0        -       0x00000068   Zero   RW         5945    .bss                rtc-board.o
    0x2000e608        -       0x000000c8   Zero   RW         6112    .bss                spi-board.o
    0x2000e6d0        -       0x0000003c   Zero   RW         6168    .bss                sx1276mb1mas-board.o
    0x2000e70c        -       0x00000014   Zero   RW         7555    .bss                sst25vf_spi.o
    0x2000e720        -       0x0000028c   Zero   RW         7961    .bss                sx1276.o
    0x2000e9ac        -       0x000006bc   Zero   RW         8210    .bss                loramac.o
    0x2000f068        -       0x000000fc   Zero   RW         8785    .bss                loramaccommands.o
    0x2000f164        -       0x0000002c   Zero   RW         8887    .bss                loramacconfirmqueue.o
    0x2000f190        -       0x00000040   Zero   RW         8996    .bss                loramaccrypto.o
    0x2000f1d0        -       0x00000020   Zero   RW         9124    .bss                loramacfcnthandler.o
    0x2000f1f0        -       0x00000114   Zero   RW         9514    .bss                regioneu868.o
    0x2000f304        -       0x00000078   Zero   RW         9780    .bss                task_display.o
    0x2000f37c        -       0x00000150   Zero   RW         9897    .bss                task_lora.o
    0x2000f4cc        -       0x0000002b   Zero   RW        10237    .bss                main_loadconfig.o
    0x2000f4f7   COMPRESSED   0x00000001   PAD
    0x2000f4f8        -       0x00000400   Zero   RW            1    STACK               startup_stm32l476xx.o


==============================================================================

Image component sizes


      Code (inc. data)   RO Data    RW Data    ZI Data      Debug   Object Name

      1296         12        768          0          0      14172   aes.o
       906         62          0          3       1644      20837   board.o
       546          0          0          0          0       4393   cmac.o
       700         42          0         35        154      30433   common.o
        38          0          0          0          0       1218   debug_hal.o
         4          0          0          0          0        525   delay-board.o
         4          0          0          0          0        834   delay.o
        96         14          0          4       4096       3265   eeprom-board.o
      5416        104          0         12          0      23534   eeprom_emul.o
         0          0          0          0          0      11968   event_groups.o
       120          0          0          0          0       4572   extmem_hal.o
       100          0          0          0          0       3165   fifo.o
       340         20          0          0          0       3096   flash_interface.o
         0          0          0          0          0     853508   freertos.o
       716         46          0          0         64       7899   gpio-board.o
        24          0          0          0          0       1990   gpio.o
       456         22          0         24      50000       4783   heap_4.o
         0          0          0          0         16        216   iwdg_driver.o
       658          0          0          0          0     690400   lcd.o
       138          0          0          0          0       3558   list.o
     10782        604         16          8       1724      68774   loramac.o
       212          0          0          0          0      19041   loramacadr.o
        90          0          0          0          0      28931   loramacclassb.o
       668         72          3          4        252      12119   loramaccommands.o
       500         62          0          0         44      10927   loramacconfirmqueue.o
      1874         98          0         20         64      18805   loramaccrypto.o
       432         66          0          4         32       7823   loramacfcnthandler.o
       344          0          0          0          0       1858   loramacparser.o
       312          0          0          0          0       1927   loramacserializer.o
       186         20          0          8          0       4227   lpm-board.o
       758        492          0          0          0       1079   main_1.o
       212         40          0          1         43       1863   main_loadconfig.o
      1290        196         16          0          0       6405   nmea.o
         8          0          0          0          0       1494   nvmctxmgmt.o
       818         82          0         12          0      11969   port.o
      1458         20          0          0         64      16430   queue.o
       222          6        108          8          0      16053   radio.o
       378          0          0          0          0      22603   region.o
      1184         32          0          0          0      14546   regioncommon.o
      2812        252        208          0        276      24754   regioneu868.o
      1378        116         24         28        104      17144   rtc-board.o
       144         34          0          0          0     691774   serial_pipe_hal.o
       808         52          0          4        932      21347   soft-se.o
       766         48          0          0        200       4512   spi-board.o
       124         14          0          0        100       2211   spi_driver.o
       716         46          0          0         20       8086   sst25vf_spi.o
        36          8        392          0       1024        836   startup_stm32l476xx.o
       182         30          0          4          0       5836   stm32l4xx_hal.o
       282         14          0          0          0      33608   stm32l4xx_hal_cortex.o
       456         14          0          0          0       2807   stm32l4xx_hal_dma.o
       406         46          0         32          0       5170   stm32l4xx_hal_flash.o
       410         28          0          0          0       3871   stm32l4xx_hal_flash_ex.o
       830         78          0          0          0       3953   stm32l4xx_hal_gpio.o
       106          0          0          0          0       1779   stm32l4xx_hal_iwdg.o
       964         94          0          0          0       4206   stm32l4xx_hal_msp.o
       232         24          0          0          0       3129   stm32l4xx_hal_pwr.o
       208         42          0          0          0       3099   stm32l4xx_hal_pwr_ex.o
      2064        106          0          0          0       8880   stm32l4xx_hal_rcc.o
      1506         44          0          0          0       4068   stm32l4xx_hal_rcc_ex.o
      1700         34          0          0          0      10695   stm32l4xx_hal_rtc.o
        92          0          0          0          0       2966   stm32l4xx_hal_rtc_ex.o
      1482          6          0          0          0       9526   stm32l4xx_hal_spi.o
      2080         82          0          0          0      12284   stm32l4xx_hal_uart.o
         2          0          0          0          0       1008   stm32l4xx_hal_uart_ex.o
       156         54          0          0          0       9069   stm32l4xx_it.o
         0          0          0          0          0        392   stream_buffer.o
      5674        404        224         28        652      26562   sx1276.o
       802         40          0          1         60       7116   sx1276mb1mas-board.o
       340         52          0          0          0       4647   sysirqhandlers.o
        68         12         72          4          0       1217   system_stm32l4xx.o
        68          8          0         12          0       1297   systick_driver.o
       208          0          0          0          0       5726   systime.o
       260         80          0          0        120        892   task_display.o
       268         22          0          0          0       3740   task_gnss.o
      4064       1648        825        300        336      32730   task_lora.o
       776        222          0          0          0       3487   task_sensorserial.o
        28          4          0          0          0        516   task_watchdog.o
      1964        156          0         60        240      22272   tasks.o
       512         22          0          4          0       6839   timer.o
       852         80          0         20         40      17751   timers.o
       356         60          0          4        768       7041   uart_driver.o
       138         16          0          4          0       3955   utilities.o

    ----------------------------------------------------------------------
     69726       6204       2692        656      63072    2994038   Object Totals
         0          0         32          0          0          0   (incl. Generated)
       120          0          4          8          3          0   (incl. Padding)

    ----------------------------------------------------------------------

      Code (inc. data)   RO Data    RW Data    ZI Data      Debug   Library Member Name

        56         12          0          0          0        132   atof.o
       280         28          0          0          0        156   ceil.o
       280         28          0          0          0        156   floor.o
       224         30          0          0          0        172   round.o
        86          0          0          0          0          0   __dczerorl2.o
        28          0          0          0          0         68   _chval.o
        64          0          0          0          0         84   _sgetc.o
       164          0          0          0          0         92   _strtoul.o
        26          0          0          0          0         80   atoi.o
         8          4        133          0          0         68   ctype_o.o
         0          0          0          0          0          0   entry.o
         0          0          0          0          0          0   entry10a.o
         0          0          0          0          0          0   entry11a.o
         8          4          0          0          0          0   entry2.o
         4          0          0          0          0          0   entry5.o
         0          0          0          0          0          0   entry7b.o
         0          0          0          0          0          0   entry8b.o
         8          4          0          0          0          0   entry9a.o
        32         16          0          4          0        204   errno.o
        30          0          0          0          0          0   handlers.o
        36          8          0          0          0         68   init.o
        18          0          0          0          0         76   isspace_o.o
         0          0          0          0          0          0   iusefp.o
        30          0          0          0          0         68   llshl.o
        36          0          0          0          0         68   llsshr.o
        32          0          0          0          0         68   llushr.o
        36          0          0          0          0         68   memcpya.o
        36          0          0          0          0        108   memseta.o
      2324         92          0          0          0        600   printfa.o
       884         12          0          0          0        216   scanf_fp.o
         0          0          0          4          0          0   stdout.o
        20          0          0          0          0         68   strchr.o
        36          0          0          0          0         80   strstr.o
       156         12          0          0          0        120   strtod.o
       112          0          0          0          0         88   strtol.o
        44          0          0          0          0         80   uidiv.o
       104          0          0          0          0         92   uldiv.o
        48          0          0          0          0         68   cdcmple.o
        48          0          0          0          0         68   cdrcmple.o
        56          0          0          0          0         88   d2f.o
       350          0          0          0          0        148   dadd.o
       222          0          0          0          0        100   ddiv.o
       186          0          0          0          0        176   depilogue.o
        62          0          0          0          0         80   dfixi.o
        50          0          0          0          0         76   dfixui.o
        48          0          0          0          0         68   dfixul.o
        34          0          0          0          0         76   dflti.o
        26          0          0          0          0         76   dfltui.o
        24          0          0          0          0         76   dfltul.o
       234          0          0          0          0         96   dmul.o
       136          4          0          0          0         92   drnd.o
        38          0          0          0          0         68   f2d.o
       110          0          0          0          0        168   fepilogue.o

    ----------------------------------------------------------------------
      6886        258        136          8          0       4604   Library Totals
        12          4          3          0          0          0   (incl. Padding)

    ----------------------------------------------------------------------

      Code (inc. data)   RO Data    RW Data    ZI Data      Debug   Library Name

       840         98          0          0          0        616   m_wm.l
      4362        152        133          8          0       2464   mc_w.l
      1672          4          0          0          0       1524   mf_w.l

    ----------------------------------------------------------------------
      6886        258        136          8          0       4604   Library Totals

    ----------------------------------------------------------------------

==============================================================================


      Code (inc. data)   RO Data    RW Data    ZI Data      Debug   

     76612       6462       2828        664      63072    2930142   Grand Totals
     76612       6462       2828        248      63072    2930142   ELF Image Totals (compressed)
     76612       6462       2828        248          0          0   ROM Totals

==============================================================================

    Total RO  Size (Code + RO Data)                79440 (  77.58kB)
    Total RW  Size (RW Data + ZI Data)             63736 (  62.24kB)
    Total ROM Size (Code + RO Data + RW Data)      79688 (  77.82kB)

==============================================================================

